WARNING: A restricted method in java.lang.System has been called
WARNING: java.lang.System::load has been called by net.rubygrapefruit.platform.internal.NativeLibraryLoader in an unnamed module (file:/Users/chaos/.gradle/wrapper/dists/gradle-9.2.0-bin/11i5gvueggl8a5cioxuftxrik/gradle-9.2.0/lib/native-platform-0.22-milestone-29.jar)
WARNING: Use --enable-native-access=ALL-UNNAMED to avoid a warning for callers in this module
WARNING: Restricted methods will be blocked in a future release unless native access is enabled

To honour the JVM settings for this build a single-use Daemon process will be forked. For more on this, please refer to https://docs.gradle.org/9.2.0/userguide/gradle_daemon.html#sec:disabling_the_daemon in the Gradle documentation.
Daemon will be stopped at the end of the build
> Task :buildSrc:checkKotlinGradlePluginConfigurationErrors SKIPPED
> Task :buildSrc:generateExternalPluginSpecBuilders UP-TO-DATE
> Task :buildSrc:extractPrecompiledScriptPluginPlugins UP-TO-DATE
> Task :buildSrc:compilePluginsBlocks UP-TO-DATE
> Task :buildSrc:generatePrecompiledScriptPluginAccessors UP-TO-DATE
> Task :buildSrc:generateScriptPluginAdapters UP-TO-DATE
> Task :buildSrc:compileKotlin UP-TO-DATE
> Task :buildSrc:compileJava NO-SOURCE
> Task :buildSrc:compileGroovy NO-SOURCE
> Task :buildSrc:pluginDescriptors UP-TO-DATE
> Task :buildSrc:processResources UP-TO-DATE
> Task :buildSrc:classes UP-TO-DATE
> Task :buildSrc:jar UP-TO-DATE
> Task :codec:checkKotlinGradlePluginConfigurationErrors SKIPPED
> Task :color-management:checkKotlinGradlePluginConfigurationErrors SKIPPED
> Task :math:kmpPartiallyResolvedDependenciesChecker
> Task :math:checkKotlinGradlePluginConfigurationErrors SKIPPED
> Task :math:compileKotlinJvm UP-TO-DATE
> Task :math:compileJvmMainJava NO-SOURCE
> Task :math:jvmProcessResources NO-SOURCE
> Task :math:processJvmMainResources SKIPPED
> Task :math:jvmMainClasses UP-TO-DATE
> Task :math:jvmJar UP-TO-DATE
> Task :color-management:compileKotlin UP-TO-DATE
> Task :color-management:compileJava NO-SOURCE
> Task :font:checkKotlinGradlePluginConfigurationErrors SKIPPED
> Task :font:core:checkKotlinGradlePluginConfigurationErrors SKIPPED
> Task :font:core:compileKotlin UP-TO-DATE
> Task :font:core:compileJava NO-SOURCE
> Task :font:colr:checkKotlinGradlePluginConfigurationErrors SKIPPED
> Task :font:sfnt:checkKotlinGradlePluginConfigurationErrors SKIPPED
> Task :font:sfnt:compileKotlin UP-TO-DATE
> Task :font:sfnt:compileJava NO-SOURCE
> Task :font:colr:compileKotlin UP-TO-DATE
> Task :font:colr:compileJava NO-SOURCE
> Task :font:colr:processResources NO-SOURCE
> Task :font:colr:classes UP-TO-DATE
> Task :font:colr:jar UP-TO-DATE
> Task :font:glyph:checkKotlinGradlePluginConfigurationErrors SKIPPED
> Task :font:gpu-api:checkKotlinGradlePluginConfigurationErrors SKIPPED
> Task :font:gpu-api:compileKotlin UP-TO-DATE
> Task :font:gpu-api:compileJava NO-SOURCE
> Task :font:scaler:checkKotlinGradlePluginConfigurationErrors SKIPPED
> Task :font:scaler:compileKotlin UP-TO-DATE
> Task :font:scaler:compileJava NO-SOURCE
> Task :font:text:checkKotlinGradlePluginConfigurationErrors SKIPPED
> Task :font:text:compileKotlin UP-TO-DATE
> Task :font:text:compileJava NO-SOURCE
> Task :font:glyph:compileKotlin UP-TO-DATE
> Task :font:glyph:compileJava NO-SOURCE
> Task :font:compileKotlin UP-TO-DATE
> Task :font:compileJava NO-SOURCE
> Task :gpu-renderer:checkKotlinGradlePluginConfigurationErrors SKIPPED
> Task :gpu-renderer:compileKotlin UP-TO-DATE
> Task :gpu-renderer:compileJava NO-SOURCE
> Task :kanvas:checkKotlinGradlePluginConfigurationErrors SKIPPED
> Task :kanvas:compileKotlin UP-TO-DATE
> Task :kanvas:compileJava NO-SOURCE
> Task :codec:api:checkKotlinGradlePluginConfigurationErrors SKIPPED
> Task :codec:api:compileKotlin UP-TO-DATE
> Task :codec:api:compileJava NO-SOURCE
> Task :codec:bmp:checkKotlinGradlePluginConfigurationErrors SKIPPED
> Task :codec:common:checkKotlinGradlePluginConfigurationErrors SKIPPED
> Task :codec:common:compileKotlin UP-TO-DATE
> Task :codec:common:compileJava NO-SOURCE
> Task :codec:common:processResources NO-SOURCE
> Task :codec:common:classes UP-TO-DATE
> Task :codec:common:jar UP-TO-DATE
> Task :codec:core:checkKotlinGradlePluginConfigurationErrors SKIPPED
> Task :codec:core:compileKotlin NO-SOURCE
> Task :codec:core:compileJava NO-SOURCE
> Task :codec:bmp:compileKotlin UP-TO-DATE
> Task :codec:bmp:compileJava NO-SOURCE
> Task :codec:bmp:processResources UP-TO-DATE
> Task :codec:bmp:classes UP-TO-DATE
> Task :codec:bmp:jar UP-TO-DATE
> Task :codec:extended:checkKotlinGradlePluginConfigurationErrors SKIPPED
> Task :codec:extended:compileKotlin UP-TO-DATE
> Task :codec:extended:compileJava NO-SOURCE
> Task :codec:extended:processResources UP-TO-DATE
> Task :codec:extended:classes UP-TO-DATE
> Task :codec:extended:jar UP-TO-DATE
> Task :codec:gif:checkKotlinGradlePluginConfigurationErrors SKIPPED
> Task :codec:gif:compileKotlin UP-TO-DATE
> Task :codec:gif:compileJava NO-SOURCE
> Task :codec:gif:processResources UP-TO-DATE
> Task :codec:gif:classes UP-TO-DATE
> Task :codec:gif:jar UP-TO-DATE
> Task :codec:ico:checkKotlinGradlePluginConfigurationErrors SKIPPED
> Task :codec:png:checkKotlinGradlePluginConfigurationErrors SKIPPED
> Task :codec:png:compileKotlin UP-TO-DATE
> Task :codec:png:compileJava NO-SOURCE
> Task :codec:png:processResources UP-TO-DATE
> Task :codec:png:classes UP-TO-DATE
> Task :codec:png:jar UP-TO-DATE
> Task :codec:ico:compileKotlin UP-TO-DATE
> Task :codec:ico:compileJava NO-SOURCE
> Task :codec:ico:processResources UP-TO-DATE
> Task :codec:ico:classes UP-TO-DATE
> Task :codec:ico:jar UP-TO-DATE
> Task :codec:jpeg:checkKotlinGradlePluginConfigurationErrors SKIPPED
> Task :codec:jpeg:compileKotlin UP-TO-DATE
> Task :codec:jpeg:compileJava NO-SOURCE
> Task :codec:jpeg:processResources UP-TO-DATE
> Task :codec:jpeg:classes UP-TO-DATE
> Task :codec:jpeg:jar UP-TO-DATE
> Task :codec:jpeg-ls:checkKotlinGradlePluginConfigurationErrors SKIPPED
> Task :codec:jpeg-ls:compileKotlin UP-TO-DATE
> Task :codec:jpeg-ls:compileJava NO-SOURCE
> Task :codec:jpeg-ls:processResources UP-TO-DATE
> Task :codec:jpeg-ls:classes UP-TO-DATE
> Task :codec:jpeg-ls:jar UP-TO-DATE
> Task :codec:jpeg2000:checkKotlinGradlePluginConfigurationErrors SKIPPED
> Task :codec:jpeg2000:compileKotlin UP-TO-DATE
> Task :codec:jpeg2000:compileJava NO-SOURCE
> Task :codec:jpeg2000:processResources UP-TO-DATE
> Task :codec:jpeg2000:classes UP-TO-DATE
> Task :codec:jpeg2000:jar UP-TO-DATE
> Task :codec:jpegxl:checkKotlinGradlePluginConfigurationErrors SKIPPED
> Task :codec:jpegxl:compileKotlin UP-TO-DATE
> Task :codec:jpegxl:compileJava NO-SOURCE
> Task :codec:jpegxl:processResources UP-TO-DATE
> Task :codec:jpegxl:classes UP-TO-DATE
> Task :codec:jpegxl:jar UP-TO-DATE
> Task :codec:wbmp:checkKotlinGradlePluginConfigurationErrors SKIPPED
> Task :codec:wbmp:compileKotlin UP-TO-DATE
> Task :codec:wbmp:compileJava NO-SOURCE
> Task :codec:wbmp:processResources UP-TO-DATE
> Task :codec:wbmp:classes UP-TO-DATE
> Task :codec:wbmp:jar UP-TO-DATE
> Task :codec:webp:checkKotlinGradlePluginConfigurationErrors SKIPPED
> Task :codec:webp:compileKotlin UP-TO-DATE
> Task :codec:webp:compileJava NO-SOURCE
> Task :codec:webp:processResources UP-TO-DATE
> Task :codec:webp:classes UP-TO-DATE
> Task :codec:webp:jar UP-TO-DATE
> Task :codec:compileKotlin NO-SOURCE
> Task :codec:compileJava NO-SOURCE
> Task :codec:processResources NO-SOURCE
> Task :codec:classes UP-TO-DATE
> Task :codec:jar UP-TO-DATE
> Task :color-management:processResources NO-SOURCE
> Task :color-management:classes UP-TO-DATE
> Task :color-management:jar UP-TO-DATE
> Task :font:processResources NO-SOURCE
> Task :font:classes UP-TO-DATE
> Task :font:jar UP-TO-DATE
> Task :gpu-renderer:processResources UP-TO-DATE
> Task :gpu-renderer:classes UP-TO-DATE
> Task :gpu-renderer:jar UP-TO-DATE
> Task :kanvas:processResources NO-SOURCE
> Task :kanvas:classes UP-TO-DATE
> Task :kanvas:jar UP-TO-DATE
> Task :codec:api:processResources UP-TO-DATE
> Task :codec:api:classes UP-TO-DATE
> Task :codec:api:jar UP-TO-DATE
> Task :codec:core:processResources NO-SOURCE
> Task :codec:core:classes UP-TO-DATE
> Task :codec:core:jar UP-TO-DATE
> Task :font:core:processResources NO-SOURCE
> Task :font:core:classes UP-TO-DATE
> Task :font:core:jar UP-TO-DATE
> Task :font:glyph:processResources NO-SOURCE
> Task :font:glyph:classes UP-TO-DATE
> Task :font:glyph:jar UP-TO-DATE
> Task :font:gpu-api:processResources NO-SOURCE
> Task :font:gpu-api:classes UP-TO-DATE
> Task :font:gpu-api:jar UP-TO-DATE
> Task :font:scaler:processResources NO-SOURCE
> Task :font:scaler:classes UP-TO-DATE
> Task :font:scaler:jar UP-TO-DATE
> Task :font:sfnt:processResources NO-SOURCE
> Task :font:sfnt:classes UP-TO-DATE
> Task :font:sfnt:jar UP-TO-DATE
> Task :font:text:processResources UP-TO-DATE
> Task :font:text:classes UP-TO-DATE
> Task :font:text:jar UP-TO-DATE
> Task :integration-tests:diagnostic:checkKotlinGradlePluginConfigurationErrors SKIPPED
> Task :integration-tests:test-utils:checkKotlinGradlePluginConfigurationErrors SKIPPED
> Task :integration-tests:test-utils:compileKotlin UP-TO-DATE
> Task :integration-tests:test-utils:compileJava NO-SOURCE
> Task :integration-tests:diagnostic:compileKotlin UP-TO-DATE
> Task :integration-tests:diagnostic:compileJava NO-SOURCE
> Task :integration-tests:diagnostic:processResources NO-SOURCE
> Task :integration-tests:diagnostic:classes UP-TO-DATE
> Task :integration-tests:diagnostic:jar UP-TO-DATE
> Task :integration-tests:skia:checkKotlinGradlePluginConfigurationErrors SKIPPED
> Task :integration-tests:skia:compileKotlin NO-SOURCE
> Task :integration-tests:skia:compileJava NO-SOURCE
> Task :integration-tests:skia:processResources NO-SOURCE
> Task :integration-tests:skia:classes UP-TO-DATE
> Task :integration-tests:skia:jar UP-TO-DATE
> Task :integration-tests:skia:compileTestKotlin UP-TO-DATE
> Task :integration-tests:skia:compileTestJava NO-SOURCE
> Task :integration-tests:skia:processTestResources UP-TO-DATE
> Task :integration-tests:skia:testClasses UP-TO-DATE
> Task :integration-tests:test-utils:processResources NO-SOURCE
> Task :integration-tests:test-utils:classes UP-TO-DATE
> Task :integration-tests:test-utils:jar UP-TO-DATE

> Task :integration-tests:skia:generateSkiaDashboard
[SKIP] org.graphiks.kanvas.skia.gm.blur.MatrixConvolutionGm
[SKIP] org.graphiks.kanvas.skia.gm.clip.ComplexClip2Gm
[SKIP] org.graphiks.kanvas.skia.gm.image.AnimCodecPlayerExifGm
[SKIP] org.graphiks.kanvas.skia.gm.image.DrawBitmapRectGm
[SKIP] org.graphiks.kanvas.skia.gm.path.InnerShapesGm
[SKIP] org.graphiks.kanvas.skia.gm.path.TrickyCubicStrokesGm
[SKIP] org.graphiks.kanvas.skia.gm.text.GlyphPosGm
[PASS] blur2rects: similarity=96.12% (threshold: 91.4%)
[PASS] BlurBigSigma: similarity=0.00% (threshold: 0.0%)
[PASS] BlurSmallSigma: similarity=86.72% (threshold: 82.9%)
[PASS] crbug_899512: similarity=92.15% (threshold: 87.7%)
[PASS] imageblur2: similarity=8.48% (threshold: 5.0%)
[PASS] imageblur: similarity=30.01% (threshold: 27.9%)
[PASS] matrixconvolution: similarity=0.15% (threshold: 0.0%)
[PASS] matrixconvolution_big_color: similarity=0.00% (threshold: 0.0%)
[PASS] matrixconvolution_big: similarity=2.04% (threshold: 0.0%)
[PASS] matrixconvolution_bigger: similarity=0.00% (threshold: 0.0%)
[PASS] matrixconvolution_biggest: similarity=0.00% (threshold: 0.0%)
[PASS] smallemboss: similarity=0.00% (threshold: 0.0%)
[PASS] tablemaskfilter: similarity=83.47% (threshold: 0.0%)
[PASS] clipdrawdraw: similarity=99.65% (threshold: 24.0%)
[PASS] clip_shader_difference: similarity=0.00% (threshold: 0.0%)
[PASS] clip_shader_layer: similarity=58.08% (threshold: 0.0%)
[PASS] clip_shader_persp: similarity=76.54% (threshold: 0.0%)
[PASS] clip_shader: similarity=61.90% (threshold: 0.0%)
[PASS] color4blendcf: similarity=82.64% (threshold: 0.0%)
[PASS] color4shader: similarity=82.64% (threshold: 0.0%)
[PASS] crbug_1167277: similarity=93.14% (threshold: 0.0%)
[PASS] crbug_1174186: similarity=100.00% (threshold: 0.0%)
[PASS] ducky_yuv_blend: similarity=6.62% (threshold: 0.0%)
[PASS] fadefilter: similarity=100.00% (threshold: 70.0%)
[PASS] HSL_duck: similarity=23.26% (threshold: 0.0%)
[PASS] imagefilter_composed_transform: similarity=74.57% (threshold: 0.0%)
[PASS] imagefilter_convolve_subset: similarity=32.18% (threshold: 0.0%)
[PASS] imagefilters_effect_order: similarity=1.02% (threshold: 0.0%)
[PASS] imagefilter_matrix_localmatrix: similarity=74.77% (threshold: 0.0%)
[PASS] matriximagefilter: similarity=7.85% (threshold: 0.0%)
[PASS] modecolorfilters: similarity=27.06% (threshold: 0.0%)
[PASS] perlinnoise_localmatrix: similarity=62.50% (threshold: 0.0%)
[PASS] save_behind: similarity=7.93% (threshold: 0.0%)
[PASS] savelayer_initfromprev: similarity=12.27% (threshold: 0.0%)
[PASS] skbug_14554: similarity=41.76% (threshold: 0.0%)
[PASS] animatedGif: similarity=37.50% (threshold: 0.0%)
[PASS] async_rescale_and_read_alpha_type: similarity=0.00% (threshold: 0.0%)
[PASS] async_rescale_and_read_rose: similarity=0.00% (threshold: 0.0%)
[PASS] async_rescale_and_read_no_bleed: similarity=20.17% (threshold: 0.0%)
[PASS] async_yuv_no_scale: similarity=56.67% (threshold: 0.0%)
[PASS] bleed_downscale: similarity=30.56% (threshold: 0.0%)
[PASS] cgimage: similarity=18.36% (threshold: 0.0%)
[PASS] color_cube_cf_rt: similarity=0.00% (threshold: 0.0%)
[PASS] compositor_quads_image: similarity=70.01% (threshold: 0.0%)
[PASS] coordclampshader: similarity=38.84% (threshold: 0.0%)
[PASS] encode-alpha-jpeg: similarity=0.00% (threshold: 0.0%)
[PASS] encode-platform: similarity=14.02% (threshold: 0.0%)
[PASS] filterindiabox: similarity=96.47% (threshold: 0.0%)
[PASS] grayscalejpg: similarity=0.00% (threshold: 0.0%)
[PASS] imageshader_tinyscale: similarity=0.00% (threshold: 0.0%)
[PASS] makecolortypeandspace: similarity=0.00% (threshold: 0.0%)
[PASS] new_texture_image: similarity=22.36% (threshold: 0.0%)
[PASS] poster_circle: similarity=36.97% (threshold: 0.0%)
[PASS] raw_image_shader_normals_rt: similarity=20.40% (threshold: 0.0%)
[SKIP] scale-pixels: size mismatch (ref=960x1200, gen=960x720)
[PASS] scaled_tilemodes: similarity=51.74% (threshold: 0.0%)
[PASS] scaled_tilemodes_npot: similarity=72.57% (threshold: 0.0%)
[PASS] showmiplevels_explicit: similarity=13.88% (threshold: 0.0%)
[PASS] yuv420_odd_dim: similarity=0.00% (threshold: 0.0%)
[PASS] yuv420_odd_dim_repeat: similarity=0.00% (threshold: 0.0%)
[SKIP] custommesh_uniforms: reference untrustable (white placeholder reference does not represent Skia custommesh_uniforms mesh output)
[PASS] mesh_with_paint_color: similarity=100.00% (threshold: 0.0%)
[PASS] crbug_640176: similarity=99.68% (threshold: 0.0%)
[PASS] shadow_utils_directional: similarity=77.29% (threshold: 0.0%)
[PASS] thinconcavepaths: similarity=98.00% (threshold: 94.0%)
[PASS] workingspace: similarity=54.64% (threshold: 14.464285714285715%)
[PASS] fontcache: similarity=1.45% (threshold: 0.0%)
[PASS] fontmgr_iter: similarity=87.63% (threshold: 0.0%)
[PASS] fontmgr_match: similarity=94.66% (threshold: 0.0%)
[PASS] fontregen: similarity=1.84% (threshold: 0.0%)
[PASS] gammagradienttext: similarity=75.79% (threshold: 75.3%)
[PASS] palette: similarity=97.99% (threshold: 0.0%)
[PASS] pdf_table_based_subset: similarity=88.86% (threshold: 0.0%)
[PASS] rsx_blob_shader: similarity=9.31% (threshold: 0.0%)
[PASS] skbug_12212: similarity=0.00% (threshold: 0.0%)
[PASS] skbug_5321: similarity=93.83% (threshold: 0.0%)
[PASS] textblobshader: similarity=86.09% (threshold: 85.0%)
[FAIL] text_scale_skew: similarity=77.75% (threshold: 80.0%)
[PASS] typefacerendering_pfa: similarity=84.60% (threshold: 0.0%)
[PASS] typefacerendering_pfb: similarity=84.60% (threshold: 0.0%)

Dashboard generated: /Users/chaos/.local/share/opencode/worktree/b0ac68aba2977c8e330962597a21babf616d6567/quick-sailor/reports/upstream-rebaseline/2026-08-16-skia-fidelity-wave-1-inputs/dashboard
Total: 610, Pass: 77, Fail: 1, No score: 532, Avg sim: 44.1%

[Incubating] Problems report is available at: file:///Users/chaos/.local/share/opencode/worktree/b0ac68aba2977c8e330962597a21babf616d6567/quick-sailor/build/reports/problems/problems-report.html

Deprecated Gradle features were used in this build, making it incompatible with Gradle 10.

You can use '--warning-mode all' to show the individual deprecation warnings and determine if they come from your own scripts or plugins.

For more on this, please refer to https://docs.gradle.org/9.2.0/userguide/command_line_interface.html#sec:command_line_warnings in the Gradle documentation.

BUILD SUCCESSFUL in 28s
84 actionable tasks: 2 executed, 82 up-to-date
Consider enabling configuration cache to speed up this build: https://docs.gradle.org/9.2.0/userguide/configuration_cache_enabling.html
