WARNING: A restricted method in java.lang.System has been called
WARNING: java.lang.System::load has been called by net.rubygrapefruit.platform.internal.NativeLibraryLoader in an unnamed module (file:/Users/chaos/.gradle/wrapper/dists/gradle-9.2.0-bin/11i5gvueggl8a5cioxuftxrik/gradle-9.2.0/lib/native-platform-0.22-milestone-29.jar)
WARNING: Use --enable-native-access=ALL-UNNAMED to avoid a warning for callers in this module
WARNING: Restricted methods will be blocked in a future release unless native access is enabled

To honour the JVM settings for this build a single-use Daemon process will be forked. For more on this, please refer to https://docs.gradle.org/9.2.0/userguide/gradle_daemon.html#sec:disabling_the_daemon in the Gradle documentation.
Daemon will be stopped at the end of the build
> Task :buildSrc:checkKotlinGradlePluginConfigurationErrors SKIPPED
> Task :buildSrc:generateExternalPluginSpecBuilders UP-TO-DATE
> Task :buildSrc:extractPrecompiledScriptPluginPlugins UP-TO-DATE
> Task :buildSrc:compilePluginsBlocks UP-TO-DATE
> Task :buildSrc:generatePrecompiledScriptPluginAccessors UP-TO-DATE
> Task :buildSrc:generateScriptPluginAdapters UP-TO-DATE
> Task :buildSrc:compileKotlin UP-TO-DATE
> Task :buildSrc:compileJava NO-SOURCE
> Task :buildSrc:compileGroovy NO-SOURCE
> Task :buildSrc:pluginDescriptors UP-TO-DATE
> Task :buildSrc:processResources UP-TO-DATE
> Task :buildSrc:classes UP-TO-DATE
> Task :buildSrc:jar UP-TO-DATE
> Task :codec:checkKotlinGradlePluginConfigurationErrors SKIPPED
> Task :color-management:checkKotlinGradlePluginConfigurationErrors SKIPPED
> Task :math:kmpPartiallyResolvedDependenciesChecker
> Task :math:checkKotlinGradlePluginConfigurationErrors SKIPPED
> Task :math:compileKotlinJvm UP-TO-DATE
> Task :math:compileJvmMainJava NO-SOURCE
> Task :math:jvmProcessResources NO-SOURCE
> Task :math:processJvmMainResources SKIPPED
> Task :math:jvmMainClasses UP-TO-DATE
> Task :math:jvmJar UP-TO-DATE
> Task :color-management:compileKotlin UP-TO-DATE
> Task :color-management:compileJava NO-SOURCE
> Task :font:checkKotlinGradlePluginConfigurationErrors SKIPPED
> Task :font:core:checkKotlinGradlePluginConfigurationErrors SKIPPED
> Task :font:core:compileKotlin UP-TO-DATE
> Task :font:core:compileJava NO-SOURCE
> Task :font:colr:checkKotlinGradlePluginConfigurationErrors SKIPPED
> Task :font:sfnt:checkKotlinGradlePluginConfigurationErrors SKIPPED
> Task :font:sfnt:compileKotlin UP-TO-DATE
> Task :font:sfnt:compileJava NO-SOURCE
> Task :font:colr:compileKotlin UP-TO-DATE
> Task :font:colr:compileJava NO-SOURCE
> Task :font:colr:processResources NO-SOURCE
> Task :font:colr:classes UP-TO-DATE
> Task :font:colr:jar UP-TO-DATE
> Task :font:glyph:checkKotlinGradlePluginConfigurationErrors SKIPPED
> Task :font:gpu-api:checkKotlinGradlePluginConfigurationErrors SKIPPED
> Task :font:gpu-api:compileKotlin UP-TO-DATE
> Task :font:gpu-api:compileJava NO-SOURCE
> Task :font:scaler:checkKotlinGradlePluginConfigurationErrors SKIPPED
> Task :font:scaler:compileKotlin UP-TO-DATE
> Task :font:scaler:compileJava NO-SOURCE
> Task :font:text:checkKotlinGradlePluginConfigurationErrors SKIPPED
> Task :font:text:compileKotlin UP-TO-DATE
> Task :font:text:compileJava NO-SOURCE
> Task :font:glyph:compileKotlin UP-TO-DATE
> Task :font:glyph:compileJava NO-SOURCE
> Task :font:compileKotlin UP-TO-DATE
> Task :font:compileJava NO-SOURCE
> Task :gpu-renderer:checkKotlinGradlePluginConfigurationErrors SKIPPED
> Task :gpu-renderer:compileKotlin UP-TO-DATE
> Task :gpu-renderer:compileJava NO-SOURCE
> Task :kanvas:checkKotlinGradlePluginConfigurationErrors SKIPPED
> Task :kanvas:compileKotlin UP-TO-DATE
> Task :kanvas:compileJava NO-SOURCE
> Task :codec:api:checkKotlinGradlePluginConfigurationErrors SKIPPED
> Task :codec:api:compileKotlin UP-TO-DATE
> Task :codec:api:compileJava NO-SOURCE
> Task :codec:bmp:checkKotlinGradlePluginConfigurationErrors SKIPPED
> Task :codec:common:checkKotlinGradlePluginConfigurationErrors SKIPPED
> Task :codec:common:compileKotlin UP-TO-DATE
> Task :codec:common:compileJava NO-SOURCE
> Task :codec:common:processResources NO-SOURCE
> Task :codec:common:classes UP-TO-DATE
> Task :codec:common:jar UP-TO-DATE
> Task :codec:core:checkKotlinGradlePluginConfigurationErrors SKIPPED
> Task :codec:core:compileKotlin NO-SOURCE
> Task :codec:core:compileJava NO-SOURCE
> Task :codec:bmp:compileKotlin UP-TO-DATE
> Task :codec:bmp:compileJava NO-SOURCE
> Task :codec:bmp:processResources UP-TO-DATE
> Task :codec:bmp:classes UP-TO-DATE
> Task :codec:bmp:jar UP-TO-DATE
> Task :codec:extended:checkKotlinGradlePluginConfigurationErrors SKIPPED
> Task :codec:extended:compileKotlin UP-TO-DATE
> Task :codec:extended:compileJava NO-SOURCE
> Task :codec:extended:processResources UP-TO-DATE
> Task :codec:extended:classes UP-TO-DATE
> Task :codec:extended:jar UP-TO-DATE
> Task :codec:gif:checkKotlinGradlePluginConfigurationErrors SKIPPED
> Task :codec:gif:compileKotlin UP-TO-DATE
> Task :codec:gif:compileJava NO-SOURCE
> Task :codec:gif:processResources UP-TO-DATE
> Task :codec:gif:classes UP-TO-DATE
> Task :codec:gif:jar UP-TO-DATE
> Task :codec:ico:checkKotlinGradlePluginConfigurationErrors SKIPPED
> Task :codec:png:checkKotlinGradlePluginConfigurationErrors SKIPPED
> Task :codec:png:compileKotlin UP-TO-DATE
> Task :codec:png:compileJava NO-SOURCE
> Task :codec:png:processResources UP-TO-DATE
> Task :codec:png:classes UP-TO-DATE
> Task :codec:png:jar UP-TO-DATE
> Task :codec:ico:compileKotlin UP-TO-DATE
> Task :codec:ico:compileJava NO-SOURCE
> Task :codec:ico:processResources UP-TO-DATE
> Task :codec:ico:classes UP-TO-DATE
> Task :codec:ico:jar UP-TO-DATE
> Task :codec:jpeg:checkKotlinGradlePluginConfigurationErrors SKIPPED
> Task :codec:jpeg:compileKotlin UP-TO-DATE
> Task :codec:jpeg:compileJava NO-SOURCE
> Task :codec:jpeg:processResources UP-TO-DATE
> Task :codec:jpeg:classes UP-TO-DATE
> Task :codec:jpeg:jar UP-TO-DATE
> Task :codec:jpeg-ls:checkKotlinGradlePluginConfigurationErrors SKIPPED
> Task :codec:jpeg-ls:compileKotlin UP-TO-DATE
> Task :codec:jpeg-ls:compileJava NO-SOURCE
> Task :codec:jpeg-ls:processResources UP-TO-DATE
> Task :codec:jpeg-ls:classes UP-TO-DATE
> Task :codec:jpeg-ls:jar UP-TO-DATE
> Task :codec:jpeg2000:checkKotlinGradlePluginConfigurationErrors SKIPPED
> Task :codec:jpeg2000:compileKotlin UP-TO-DATE
> Task :codec:jpeg2000:compileJava NO-SOURCE
> Task :codec:jpeg2000:processResources UP-TO-DATE
> Task :codec:jpeg2000:classes UP-TO-DATE
> Task :codec:jpeg2000:jar UP-TO-DATE
> Task :codec:jpegxl:checkKotlinGradlePluginConfigurationErrors SKIPPED
> Task :codec:jpegxl:compileKotlin UP-TO-DATE
> Task :codec:jpegxl:compileJava NO-SOURCE
> Task :codec:jpegxl:processResources UP-TO-DATE
> Task :codec:jpegxl:classes UP-TO-DATE
> Task :codec:jpegxl:jar UP-TO-DATE
> Task :codec:wbmp:checkKotlinGradlePluginConfigurationErrors SKIPPED
> Task :codec:wbmp:compileKotlin UP-TO-DATE
> Task :codec:wbmp:compileJava NO-SOURCE
> Task :codec:wbmp:processResources UP-TO-DATE
> Task :codec:wbmp:classes UP-TO-DATE
> Task :codec:wbmp:jar UP-TO-DATE
> Task :codec:webp:checkKotlinGradlePluginConfigurationErrors SKIPPED
> Task :codec:webp:compileKotlin UP-TO-DATE
> Task :codec:webp:compileJava NO-SOURCE
> Task :codec:webp:processResources UP-TO-DATE
> Task :codec:webp:classes UP-TO-DATE
> Task :codec:webp:jar UP-TO-DATE
> Task :codec:compileKotlin NO-SOURCE
> Task :codec:compileJava NO-SOURCE
> Task :integration-tests:diagnostic:checkKotlinGradlePluginConfigurationErrors SKIPPED
> Task :integration-tests:test-utils:checkKotlinGradlePluginConfigurationErrors SKIPPED
> Task :integration-tests:test-utils:compileKotlin UP-TO-DATE
> Task :integration-tests:test-utils:compileJava NO-SOURCE
> Task :integration-tests:diagnostic:compileKotlin UP-TO-DATE
> Task :integration-tests:diagnostic:compileJava NO-SOURCE
> Task :integration-tests:skia:checkKotlinGradlePluginConfigurationErrors SKIPPED
> Task :integration-tests:skia:compileKotlin NO-SOURCE
> Task :integration-tests:skia:compileJava NO-SOURCE
> Task :integration-tests:skia:processResources NO-SOURCE
> Task :integration-tests:skia:classes UP-TO-DATE
> Task :integration-tests:skia:jar UP-TO-DATE
> Task :codec:processResources NO-SOURCE
> Task :codec:classes UP-TO-DATE
> Task :codec:jar UP-TO-DATE
> Task :color-management:processResources NO-SOURCE
> Task :color-management:classes UP-TO-DATE
> Task :color-management:jar UP-TO-DATE
> Task :font:processResources NO-SOURCE
> Task :font:classes UP-TO-DATE
> Task :font:jar UP-TO-DATE
> Task :gpu-renderer:processResources UP-TO-DATE
> Task :gpu-renderer:classes UP-TO-DATE
> Task :gpu-renderer:jar UP-TO-DATE
> Task :kanvas:processResources NO-SOURCE
> Task :kanvas:classes UP-TO-DATE
> Task :kanvas:jar UP-TO-DATE
> Task :codec:api:processResources UP-TO-DATE
> Task :codec:api:classes UP-TO-DATE
> Task :codec:api:jar UP-TO-DATE
> Task :codec:core:processResources NO-SOURCE
> Task :codec:core:classes UP-TO-DATE
> Task :codec:core:jar UP-TO-DATE
> Task :font:core:processResources NO-SOURCE
> Task :font:core:classes UP-TO-DATE
> Task :font:core:jar UP-TO-DATE
> Task :font:glyph:processResources NO-SOURCE
> Task :font:glyph:classes UP-TO-DATE
> Task :font:glyph:jar UP-TO-DATE
> Task :font:gpu-api:processResources NO-SOURCE
> Task :font:gpu-api:classes UP-TO-DATE
> Task :font:gpu-api:jar UP-TO-DATE
> Task :font:scaler:processResources NO-SOURCE
> Task :font:scaler:classes UP-TO-DATE
> Task :font:scaler:jar UP-TO-DATE
> Task :font:sfnt:processResources NO-SOURCE
> Task :font:sfnt:classes UP-TO-DATE
> Task :font:sfnt:jar UP-TO-DATE
> Task :font:text:processResources UP-TO-DATE
> Task :font:text:classes UP-TO-DATE
> Task :font:text:jar UP-TO-DATE
> Task :integration-tests:diagnostic:processResources NO-SOURCE
> Task :integration-tests:diagnostic:classes UP-TO-DATE
> Task :integration-tests:diagnostic:jar UP-TO-DATE
> Task :integration-tests:skia:compileTestKotlin UP-TO-DATE
> Task :integration-tests:skia:compileTestJava NO-SOURCE
> Task :integration-tests:skia:processTestResources UP-TO-DATE
> Task :integration-tests:skia:testClasses UP-TO-DATE
> Task :integration-tests:test-utils:processResources NO-SOURCE
> Task :integration-tests:test-utils:classes UP-TO-DATE
> Task :integration-tests:test-utils:jar UP-TO-DATE
WARNING: A terminally deprecated method in sun.misc.Unsafe has been called
WARNING: sun.misc.Unsafe::objectFieldOffset has been called by org.lwjgl.system.MemoryUtil (file:/Users/chaos/.gradle/caches/modules-2/files-2.1/org.lwjgl/lwjgl/3.3.3/29589b5f87ed335a6c7e7ee6a5775f81f97ecb84/lwjgl-3.3.3.jar)
WARNING: Please consider reporting this to the maintainers of class org.lwjgl.system.MemoryUtil
WARNING: sun.misc.Unsafe::objectFieldOffset will be removed in a future release

> Task :integration-tests:skia:test

SkiaGmRunner > render GM(SkiaGm) > [1] org.graphiks.kanvas.skia.gm.path.DrawRegionModesGm@426b6a74 FAILED
    org.graphiks.kanvas.surface.gpu.GPUPreparedSurfaceTerminalException at SkiaGmRunner.kt:66

SkiaGmRunner > render GM(SkiaGm) > [2] org.graphiks.kanvas.skia.gm.path.FancyGradientsGm@23a5818e FAILED
    kotlin.NotImplementedError at SkiaGmRunner.kt:66

SkiaGmRunner > render GM(SkiaGm) > [3] org.graphiks.kanvas.skia.gm.path.FatPathFillGm@108a46d6 FAILED
    org.graphiks.kanvas.surface.gpu.GPUPreparedSurfaceTerminalException at SkiaGmRunner.kt:66

SkiaGmRunner > render GM(SkiaGm) > [4] org.graphiks.kanvas.skia.gm.path.FillTypePerspGm@1e469dfd FAILED
    org.graphiks.kanvas.surface.gpu.GPUPreparedSurfaceTerminalException at SkiaGmRunner.kt:66

SkiaGmRunner > render GM(SkiaGm) > [5] org.graphiks.kanvas.skia.gm.path.InnerJoinGeometryGm@4fc3c165 FAILED
    org.graphiks.kanvas.surface.gpu.GPUPreparedSurfaceTerminalException at SkiaGmRunner.kt:66

SkiaGmRunner > render GM(SkiaGm) > [6] org.graphiks.kanvas.skia.gm.path.Lattice2Gm@262816a8 FAILED
    org.graphiks.kanvas.surface.gpu.GPUPreparedSurfaceTerminalException at SkiaGmRunner.kt:66

SkiaGmRunner > render GM(SkiaGm) > [7] org.graphiks.kanvas.skia.gm.path.LineClosePathGm@7f3ca64a FAILED
    org.graphiks.kanvas.surface.gpu.GPUPreparedSurfaceTerminalException at SkiaGmRunner.kt:66

SkiaGmRunner > render GM(SkiaGm) > [8] org.graphiks.kanvas.skia.gm.path.LinePathGm@3fb450d7 FAILED
    org.graphiks.kanvas.surface.gpu.GPUPreparedSurfaceTerminalException at SkiaGmRunner.kt:66

SkiaGmRunner > render GM(SkiaGm) > [9] org.graphiks.kanvas.skia.gm.path.MacaatestGm@4ffced4e FAILED
    kotlin.NotImplementedError at SkiaGmRunner.kt:66

SkiaGmRunner > render GM(SkiaGm) > [10] org.graphiks.kanvas.skia.gm.path.MandolineGm@3e6ec74 FAILED
    org.graphiks.kanvas.surface.gpu.GPUPreparedSurfaceTerminalException at SkiaGmRunner.kt:66

SkiaGmRunner > render GM(SkiaGm) > [11] org.graphiks.kanvas.skia.gm.path.ManyCirclesGm@5111de7c FAILED
    org.graphiks.kanvas.surface.gpu.GPUPreparedSurfaceTerminalException at SkiaGmRunner.kt:66

SkiaGmRunner > render GM(SkiaGm) > [12] org.graphiks.kanvas.skia.gm.path.ManyPathAtlasesGm@14f060b8 FAILED
    org.graphiks.kanvas.surface.gpu.GPUPreparedSurfaceTerminalException at SkiaGmRunner.kt:66

SkiaGmRunner > render GM(SkiaGm) > [13] org.graphiks.kanvas.skia.gm.path.NestedGm@4eeab3e FAILED
    org.graphiks.kanvas.surface.gpu.GPUPreparedSurfaceTerminalException at SkiaGmRunner.kt:66

SkiaGmRunner > render GM(SkiaGm) > [14] org.graphiks.kanvas.skia.gm.path.NonClosedPathsGm@4f235107 FAILED
    org.graphiks.kanvas.surface.gpu.GPUPreparedSurfaceTerminalException at SkiaGmRunner.kt:66

SkiaGmRunner > render GM(SkiaGm) > [15] org.graphiks.kanvas.skia.gm.path.OverStrokeGm@3a4a5f3c FAILED
    org.graphiks.kanvas.surface.gpu.GPUPreparedSurfaceTerminalException at SkiaGmRunner.kt:66

SkiaGmRunner > render GM(SkiaGm) > [16] org.graphiks.kanvas.skia.gm.path.ParsedPathsGm@5d850a25 FAILED
    org.graphiks.kanvas.surface.gpu.GPUPreparedSurfaceTerminalException at SkiaGmRunner.kt:66

SkiaGmRunner > render GM(SkiaGm) > [17] org.graphiks.kanvas.skia.gm.path.PathHugeAaGm@2b999ee8 FAILED
    org.graphiks.kanvas.surface.gpu.GPUPreparedSurfaceTerminalException at SkiaGmRunner.kt:66

SkiaGmRunner > render GM(SkiaGm) > [18] org.graphiks.kanvas.skia.gm.path.PathHugeAaManualGm@6b063470 FAILED
    org.graphiks.kanvas.surface.gpu.GPUPreparedSurfaceTerminalException at SkiaGmRunner.kt:66

SkiaGmRunner > render GM(SkiaGm) > [19] org.graphiks.kanvas.skia.gm.path.PathMaskCacheGm@3869a6e5 FAILED
    org.graphiks.kanvas.surface.gpu.GPUPreparedSurfaceTerminalException at SkiaGmRunner.kt:66

SkiaGmRunner > render GM(SkiaGm) > [20] org.graphiks.kanvas.skia.gm.path.PathOpsBlendGm@47187f50 FAILED
    kotlin.NotImplementedError at SkiaGmRunner.kt:66

SkiaGmRunner > render GM(SkiaGm) > [21] org.graphiks.kanvas.skia.gm.path.PathOpsInverseGm@53ea380b FAILED
    kotlin.NotImplementedError at SkiaGmRunner.kt:66

SkiaGmRunner > render GM(SkiaGm) > [22] org.graphiks.kanvas.skia.gm.path.PathOpsSkbug10155Gm@26b3c9a2 FAILED
    org.graphiks.kanvas.surface.gpu.GPUPreparedSurfaceTerminalException at SkiaGmRunner.kt:66

SkiaGmRunner > render GM(SkiaGm) > [23] org.graphiks.kanvas.skia.gm.path.PathReverseGm@256589a1 FAILED
    org.graphiks.kanvas.surface.gpu.GPUPreparedSurfaceTerminalException at SkiaGmRunner.kt:66

SkiaGmRunner > render GM(SkiaGm) > [24] org.graphiks.kanvas.skia.gm.path.PathStrokeClipCrbug1070835Gm@1edfedf1 FAILED
    org.graphiks.kanvas.surface.gpu.GPUPreparedSurfaceTerminalException at SkiaGmRunner.kt:66

SkiaGmRunner > render GM(SkiaGm) > [25] org.graphiks.kanvas.skia.gm.path.PointsGm@6f3bd37f FAILED
    org.graphiks.kanvas.surface.gpu.GPUPreparedSurfaceTerminalException at SkiaGmRunner.kt:66

SkiaGmRunner > render GM(SkiaGm) > [26] org.graphiks.kanvas.skia.gm.path.Poly2PolyGm@1ecf0ac6 FAILED
    org.graphiks.kanvas.surface.gpu.GPUPreparedSurfaceTerminalException at SkiaGmRunner.kt:66

SkiaGmRunner > render GM(SkiaGm) > [27] org.graphiks.kanvas.skia.gm.path.PolygonsGm@30508066 FAILED
    org.graphiks.kanvas.surface.gpu.GPUPreparedSurfaceTerminalException at SkiaGmRunner.kt:66

SkiaGmRunner > render GM(SkiaGm) > [28] org.graphiks.kanvas.skia.gm.path.PreserveFillRuleBigGm@2f09e6b2 FAILED
    org.graphiks.kanvas.surface.gpu.GPUPreparedSurfaceTerminalException at SkiaGmRunner.kt:66

SkiaGmRunner > render GM(SkiaGm) > [29] org.graphiks.kanvas.skia.gm.path.PreserveFillRuleLittleGm@5403907 FAILED
    org.graphiks.kanvas.surface.gpu.GPUPreparedSurfaceTerminalException at SkiaGmRunner.kt:66

SkiaGmRunner > render GM(SkiaGm) > [30] org.graphiks.kanvas.skia.gm.path.QuadClosePathGm@656c5c3 FAILED
    org.graphiks.kanvas.surface.gpu.GPUPreparedSurfaceTerminalException at SkiaGmRunner.kt:66

SkiaGmRunner > render GM(SkiaGm) > [31] org.graphiks.kanvas.skia.gm.path.QuadPathGm@242ff747 FAILED
    org.graphiks.kanvas.surface.gpu.GPUPreparedSurfaceTerminalException at SkiaGmRunner.kt:66

SkiaGmRunner > render GM(SkiaGm) > [32] org.graphiks.kanvas.skia.gm.path.RoundRectGm@2c7c0e36 FAILED
    org.graphiks.kanvas.surface.gpu.GPUPreparedSurfaceTerminalException at SkiaGmRunner.kt:66

SkiaGmRunner > render GM(SkiaGm) > [33] org.graphiks.kanvas.skia.gm.path.ShadowUtilsDirectionalGm@6321a5aa PASSED

SkiaGmRunner > render GM(SkiaGm) > [34] org.graphiks.kanvas.skia.gm.path.SharedCornersGm@7772d266 FAILED
    org.graphiks.kanvas.surface.gpu.GPUPreparedSurfaceTerminalException at SkiaGmRunner.kt:66

SkiaGmRunner > render GM(SkiaGm) > [35] org.graphiks.kanvas.skia.gm.path.SimpleShapesBwGm@2ee92e7d FAILED
    org.graphiks.kanvas.surface.gpu.GPUPreparedSurfaceTerminalException at SkiaGmRunner.kt:66

SkiaGmRunner > render GM(SkiaGm) > [36] org.graphiks.kanvas.skia.gm.path.SimpleShapesGm@38c761e9 FAILED
    org.graphiks.kanvas.surface.gpu.GPUPreparedSurfaceTerminalException at SkiaGmRunner.kt:66

SkiaGmRunner > render GM(SkiaGm) > [37] org.graphiks.kanvas.skia.gm.path.StLouisArchGm@33de7f3d FAILED
    org.graphiks.kanvas.surface.gpu.GPUPreparedSurfaceTerminalException at SkiaGmRunner.kt:66

SkiaGmRunner > render GM(SkiaGm) > [38] org.graphiks.kanvas.skia.gm.path.StrokeRectShaderGm@50f4b83d FAILED
    org.graphiks.kanvas.surface.gpu.GPUPreparedSurfaceTerminalException at SkiaGmRunner.kt:66

SkiaGmRunner > render GM(SkiaGm) > [39] org.graphiks.kanvas.skia.gm.path.StrokedLineCapsGm@64a1116a FAILED
    org.graphiks.kanvas.surface.gpu.GPUPreparedSurfaceTerminalException at SkiaGmRunner.kt:66

SkiaGmRunner > render GM(SkiaGm) > [40] org.graphiks.kanvas.skia.gm.path.Strokes3Gm@6682e6a5 FAILED
    org.graphiks.kanvas.surface.gpu.GPUPreparedSurfaceTerminalException at SkiaGmRunner.kt:66

SkiaGmRunner > render GM(SkiaGm) > [41] org.graphiks.kanvas.skia.gm.path.StrokesGm@2cc75b25 FAILED
    org.graphiks.kanvas.surface.gpu.GPUPreparedSurfaceTerminalException at SkiaGmRunner.kt:66

SkiaGmRunner > render GM(SkiaGm) > [42] org.graphiks.kanvas.skia.gm.path.TeenyStrokesGm@3ccb12d FAILED
    org.graphiks.kanvas.surface.gpu.GPUPreparedSurfaceTerminalException at SkiaGmRunner.kt:66

SkiaGmRunner > render GM(SkiaGm) > [43] org.graphiks.kanvas.skia.gm.path.ThinAaDashLinesGm@119d4443 FAILED
    org.graphiks.kanvas.surface.gpu.GPUPreparedSurfaceTerminalException at SkiaGmRunner.kt:66

SkiaGmRunner > render GM(SkiaGm) > [44] org.graphiks.kanvas.skia.gm.path.ThinConcavePathsGm@3a38e4dc PASSED

SkiaGmRunner > render GM(SkiaGm) > [45] org.graphiks.kanvas.skia.gm.path.ThinRectsGm@34aa8b61 FAILED
    org.graphiks.kanvas.surface.gpu.GPUPreparedSurfaceTerminalException at SkiaGmRunner.kt:66

SkiaGmRunner > render GM(SkiaGm) > [46] org.graphiks.kanvas.skia.gm.path.ThinRoundRectsGm@da09250 FAILED
    org.graphiks.kanvas.surface.gpu.GPUPreparedSurfaceTerminalException at SkiaGmRunner.kt:66

SkiaGmRunner > render GM(SkiaGm) > [47] org.graphiks.kanvas.skia.gm.path.ThinStrokedRectsGm@2f4d01b6 FAILED
    org.graphiks.kanvas.surface.gpu.GPUPreparedSurfaceTerminalException at SkiaGmRunner.kt:66

SkiaGmRunner > render GM(SkiaGm) > [48] org.graphiks.kanvas.skia.gm.path.TinyAngleArcsGm@28e7bb31 FAILED
    org.graphiks.kanvas.surface.gpu.GPUPreparedSurfaceTerminalException at SkiaGmRunner.kt:66

SkiaGmRunner > render GM(SkiaGm) > [49] org.graphiks.kanvas.skia.gm.path.TrickyCubicStrokesLargeRadiusGm@661e279d FAILED
    org.graphiks.kanvas.surface.gpu.GPUPreparedSurfaceTerminalException at SkiaGmRunner.kt:66

SkiaGmRunner > render GM(SkiaGm) > [50] org.graphiks.kanvas.skia.gm.path.TrimGm@7523d5a1 FAILED
    org.graphiks.kanvas.surface.gpu.GPUPreparedSurfaceTerminalException at SkiaGmRunner.kt:66

SkiaGmRunner > render GM(SkiaGm) > [51] org.graphiks.kanvas.skia.gm.path.WideButtCapsGm@32e5af53 FAILED
    org.graphiks.kanvas.surface.gpu.GPUPreparedSurfaceTerminalException at SkiaGmRunner.kt:66

SkiaGmRunner > render GM(SkiaGm) > [52] org.graphiks.kanvas.skia.gm.path.ZeroControlStrokeGm@26874f2c FAILED
    org.graphiks.kanvas.surface.gpu.GPUPreparedSurfaceTerminalException at SkiaGmRunner.kt:66

SkiaGmRunner > render GM(SkiaGm) > [53] org.graphiks.kanvas.skia.gm.path.ZeroLenStrokesGm@3bc20984 FAILED
    org.graphiks.kanvas.surface.gpu.GPUPreparedSurfaceTerminalException at SkiaGmRunner.kt:66

SkiaGmRunner > render GM(SkiaGm) > [54] org.graphiks.kanvas.skia.gm.path.ZeroLengthPathsAaGm@f017dd0 FAILED
    org.graphiks.kanvas.surface.gpu.GPUPreparedSurfaceTerminalException at SkiaGmRunner.kt:66

SkiaGmRunner > render GM(SkiaGm) > [55] org.graphiks.kanvas.skia.gm.path.ZeroLengthPathsBwGm@36ad5f2a FAILED
    org.graphiks.kanvas.surface.gpu.GPUPreparedSurfaceTerminalException at SkiaGmRunner.kt:66

SkiaGmRunner > render GM(SkiaGm) > [56] org.graphiks.kanvas.skia.gm.path.ZeroLengthPathsDblAaGm@1ccc1026 FAILED
    org.graphiks.kanvas.surface.gpu.GPUPreparedSurfaceTerminalException at SkiaGmRunner.kt:66

SkiaGmRunner > render GM(SkiaGm) > [57] org.graphiks.kanvas.skia.gm.path.ZeroLengthPathsDblBwGm@7c901203 FAILED
    org.graphiks.kanvas.surface.gpu.GPUPreparedSurfaceTerminalException at SkiaGmRunner.kt:66

SkiaGmRunner > render GM(SkiaGm) > [58] org.graphiks.kanvas.skia.gm.path.ZeroLineDashGm@722787b5 FAILED
    org.graphiks.kanvas.surface.gpu.GPUPreparedSurfaceTerminalException at SkiaGmRunner.kt:66

SkiaGmRunner > render GM(SkiaGm) > [59] org.graphiks.kanvas.skia.gm.path.ZeroLineStrokeGm@541d4d9f FAILED
    org.graphiks.kanvas.surface.gpu.GPUPreparedSurfaceTerminalException at SkiaGmRunner.kt:66

SkiaGmRunner > render GM(SkiaGm) > [60] org.graphiks.kanvas.skia.gm.runtime_effect.AlternateLumaGm@4a9b3956 FAILED
    org.graphiks.kanvas.surface.gpu.GPUPreparedSurfaceTerminalException at SkiaGmRunner.kt:66

SkiaGmRunner > render GM(SkiaGm) > [61] org.graphiks.kanvas.skia.gm.runtime_effect.ArithmodeGm@1cba0321 FAILED
    org.graphiks.kanvas.surface.gpu.GPUPreparedSurfaceTerminalException at SkiaGmRunner.kt:66

SkiaGmRunner > render GM(SkiaGm) > [62] org.graphiks.kanvas.skia.gm.runtime_effect.ColorCubeRTGm@6e0d16a4 FAILED
    org.graphiks.kanvas.surface.gpu.GPUPreparedSurfaceTerminalException at SkiaGmRunner.kt:66

SkiaGmRunner > render GM(SkiaGm) > [63] org.graphiks.kanvas.skia.gm.runtime_effect.ComposeColorFilterGm@7f5ce33e FAILED
    org.graphiks.kanvas.surface.gpu.GPUPreparedSurfaceTerminalException at SkiaGmRunner.kt:66

SkiaGmRunner > render GM(SkiaGm) > [64] org.graphiks.kanvas.skia.gm.runtime_effect.IntrinsicsCommonGm@22da200e FAILED
    org.graphiks.kanvas.surface.gpu.GPUPreparedSurfaceTerminalException at SkiaGmRunner.kt:66

SkiaGmRunner > render GM(SkiaGm) > [65] org.graphiks.kanvas.skia.gm.runtime_effect.IntrinsicsExponentialGm@615e83ac FAILED
    org.graphiks.kanvas.surface.gpu.GPUPreparedSurfaceTerminalException at SkiaGmRunner.kt:66

SkiaGmRunner > render GM(SkiaGm) > [66] org.graphiks.kanvas.skia.gm.runtime_effect.IntrinsicsGeometricGm@629b780f FAILED
    org.graphiks.kanvas.surface.gpu.GPUPreparedSurfaceTerminalException at SkiaGmRunner.kt:66

SkiaGmRunner > render GM(SkiaGm) > [67] org.graphiks.kanvas.skia.gm.runtime_effect.IntrinsicsMatrixGm@4ce267cc FAILED
    org.graphiks.kanvas.surface.gpu.GPUPreparedSurfaceTerminalException at SkiaGmRunner.kt:66

SkiaGmRunner > render GM(SkiaGm) > [68] org.graphiks.kanvas.skia.gm.runtime_effect.IntrinsicsRelationalGm@12cd129c FAILED
    org.graphiks.kanvas.surface.gpu.GPUPreparedSurfaceTerminalException at SkiaGmRunner.kt:66

SkiaGmRunner > render GM(SkiaGm) > [69] org.graphiks.kanvas.skia.gm.runtime_effect.IntrinsicsTrigGm@3407aa4f FAILED
    org.graphiks.kanvas.surface.gpu.GPUPreparedSurfaceTerminalException at SkiaGmRunner.kt:66

SkiaGmRunner > render GM(SkiaGm) > [70] org.graphiks.kanvas.skia.gm.runtime_effect.KawaseBlurRTGm@10e56da9 FAILED
    org.graphiks.kanvas.surface.gpu.GPUPreparedSurfaceTerminalException at SkiaGmRunner.kt:66

SkiaGmRunner > render GM(SkiaGm) > [71] org.graphiks.kanvas.skia.gm.runtime_effect.LinearGradientRTGm@36211bbc FAILED
    java.lang.IllegalStateException at SkiaGmRunner.kt:80

SkiaGmRunner > render GM(SkiaGm) > [72] org.graphiks.kanvas.skia.gm.runtime_effect.LumaFilterGm@5ce3409b FAILED
    org.graphiks.kanvas.surface.gpu.GPUPreparedSurfaceTerminalException at SkiaGmRunner.kt:66

SkiaGmRunner > render GM(SkiaGm) > [73] org.graphiks.kanvas.skia.gm.runtime_effect.RippleShaderGm@69eb544f FAILED
    org.graphiks.kanvas.surface.gpu.GPUPreparedSurfaceTerminalException at SkiaGmRunner.kt:66

SkiaGmRunner > render GM(SkiaGm) > [74] org.graphiks.kanvas.skia.gm.runtime_effect.RtifDistortGm@4d0e1a9a FAILED
    org.graphiks.kanvas.surface.gpu.GPUPreparedSurfaceTerminalException at SkiaGmRunner.kt:66

SkiaGmRunner > render GM(SkiaGm) > [75] org.graphiks.kanvas.skia.gm.runtime_effect.RtifUnsharpGm@23f60b7d FAILED
    org.graphiks.kanvas.surface.gpu.GPUPreparedSurfaceTerminalException at SkiaGmRunner.kt:66

SkiaGmRunner > render GM(SkiaGm) > [76] org.graphiks.kanvas.skia.gm.runtime_effect.RuntimeColorFilterGm@634aa81e FAILED
    org.graphiks.kanvas.surface.gpu.GPUPreparedSurfaceTerminalException at SkiaGmRunner.kt:66

SkiaGmRunner > render GM(SkiaGm) > [77] org.graphiks.kanvas.skia.gm.runtime_effect.RuntimeFunctionsGm@77ccded4 FAILED
    org.graphiks.kanvas.surface.gpu.GPUPreparedSurfaceTerminalException at SkiaGmRunner.kt:66

SkiaGmRunner > render GM(SkiaGm) > [78] org.graphiks.kanvas.skia.gm.runtime_effect.RuntimeShaderGm@83b0d0f FAILED
    org.graphiks.kanvas.surface.gpu.GPUPreparedSurfaceTerminalException at SkiaGmRunner.kt:66

SkiaGmRunner > render GM(SkiaGm) > [79] org.graphiks.kanvas.skia.gm.runtime_effect.SpiralRTGm@31228d83 FAILED
    org.graphiks.kanvas.surface.gpu.GPUPreparedSurfaceTerminalException at SkiaGmRunner.kt:66

SkiaGmRunner > render GM(SkiaGm) > [80] org.graphiks.kanvas.skia.gm.runtime_effect.ThresholdRTGm@61a704d3 FAILED
    org.graphiks.kanvas.surface.gpu.GPUPreparedSurfaceTerminalException at SkiaGmRunner.kt:66

SkiaGmRunner > render GM(SkiaGm) > [81] org.graphiks.kanvas.skia.gm.runtime_effect.UnsharpRTGm@2de3b052 FAILED
    org.graphiks.kanvas.surface.gpu.GPUPreparedSurfaceTerminalException at SkiaGmRunner.kt:66

SkiaGmRunner > render GM(SkiaGm) > [82] org.graphiks.kanvas.skia.gm.runtime_effect.WorkingspaceGm@b3857e2 PASSED

SkiaGmRunner > render GM(SkiaGm) > [83] org.graphiks.kanvas.skia.gm.text.AnnotatedTextGm@5280688 FAILED
    org.graphiks.kanvas.surface.gpu.GPUPreparedSurfaceTerminalException at SkiaGmRunner.kt:66

SkiaGmRunner > render GM(SkiaGm) > [84] org.graphiks.kanvas.skia.gm.text.BigTextCrbug1370488Gm@1682e6a FAILED
    org.graphiks.kanvas.surface.gpu.GPUPreparedSurfaceTerminalException at SkiaGmRunner.kt:66

SkiaGmRunner > render GM(SkiaGm) > [85] org.graphiks.kanvas.skia.gm.text.BigTextGm@18e4551 FAILED
    org.graphiks.kanvas.surface.gpu.GPUPreparedSurfaceTerminalException at SkiaGmRunner.kt:66

SkiaGmRunner > render GM(SkiaGm) > [86] org.graphiks.kanvas.skia.gm.text.BlobRSXformDistortableGm@76828577 FAILED
    org.graphiks.kanvas.surface.gpu.GPUPreparedSurfaceTerminalException at SkiaGmRunner.kt:66

SkiaGmRunner > render GM(SkiaGm) > [87] org.graphiks.kanvas.skia.gm.text.BlobRSXformGm@45571cfc FAILED
    org.graphiks.kanvas.surface.gpu.GPUPreparedSurfaceTerminalException at SkiaGmRunner.kt:66

SkiaGmRunner > render GM(SkiaGm) > [88] org.graphiks.kanvas.skia.gm.text.ChromeGradText2Gm@6ad6ae45 FAILED
    org.graphiks.kanvas.surface.gpu.GPUPreparedSurfaceTerminalException at SkiaGmRunner.kt:66

SkiaGmRunner > render GM(SkiaGm) > [89] org.graphiks.kanvas.skia.gm.text.ClipErrorGm@138a85d3 FAILED
    org.graphiks.kanvas.surface.gpu.GPUPreparedSurfaceTerminalException at SkiaGmRunner.kt:66

SkiaGmRunner > render GM(SkiaGm) > [90] org.graphiks.kanvas.skia.gm.text.ColorEmojiGm@d66502 FAILED
    org.graphiks.kanvas.surface.gpu.GPUPreparedSurfaceTerminalException at SkiaGmRunner.kt:66

SkiaGmRunner > render GM(SkiaGm) > [91] org.graphiks.kanvas.skia.gm.text.ColorEmojiSimpleGm@2e3cd732 FAILED
    org.graphiks.kanvas.surface.gpu.GPUPreparedSurfaceTerminalException at SkiaGmRunner.kt:66

SkiaGmRunner > render GM(SkiaGm) > [92] org.graphiks.kanvas.skia.gm.text.ColorWheelNativeGm@52b30054 FAILED
    org.graphiks.kanvas.surface.gpu.GPUPreparedSurfaceTerminalException at SkiaGmRunner.kt:66

SkiaGmRunner > render GM(SkiaGm) > [93] org.graphiks.kanvas.skia.gm.text.ColoremojiBlendmodesGm@6be766d1 FAILED
    org.graphiks.kanvas.surface.gpu.GPUPreparedSurfaceTerminalException at SkiaGmRunner.kt:66

SkiaGmRunner > render GM(SkiaGm) > [94] org.graphiks.kanvas.skia.gm.text.ColoremojiBlendmodesSimpleGm@273aaab7 FAILED
    org.graphiks.kanvas.surface.gpu.GPUPreparedSurfaceTerminalException at SkiaGmRunner.kt:66

SkiaGmRunner > render GM(SkiaGm) > [95] org.graphiks.kanvas.skia.gm.text.ColrV1Gm@521ba38f FAILED
    org.graphiks.kanvas.surface.gpu.GPUPreparedSurfaceTerminalException at SkiaGmRunner.kt:66

SkiaGmRunner > render GM(SkiaGm) > [96] org.graphiks.kanvas.skia.gm.text.Crbug1073670Gm@17c53dfb FAILED
    org.graphiks.kanvas.surface.gpu.GPUPreparedSurfaceTerminalException at SkiaGmRunner.kt:66

SkiaGmRunner > render GM(SkiaGm) > [97] org.graphiks.kanvas.skia.gm.text.DfTextBlobPerspGm@2dd3d39d FAILED
    org.graphiks.kanvas.surface.gpu.GPUPreparedSurfaceTerminalException at SkiaGmRunner.kt:66

SkiaGmRunner > render GM(SkiaGm) > [98] org.graphiks.kanvas.skia.gm.text.DfTextGm@995ad50 FAILED
    org.graphiks.kanvas.surface.gpu.GPUPreparedSurfaceTerminalException at SkiaGmRunner.kt:66

SkiaGmRunner > render GM(SkiaGm) > [99] org.graphiks.kanvas.skia.gm.text.DrawTextRSXformGm@7ea07516 FAILED
    org.graphiks.kanvas.surface.gpu.GPUPreparedSurfaceTerminalException at SkiaGmRunner.kt:66

SkiaGmRunner > render GM(SkiaGm) > [100] org.graphiks.kanvas.skia.gm.text.FontCacheGm@50f3ba6a PASSED

SkiaGmRunner > render GM(SkiaGm) > [101] org.graphiks.kanvas.skia.gm.text.FontMgrBoundsGm@4cf5d999 FAILED
    org.graphiks.kanvas.surface.gpu.GPUPreparedSurfaceTerminalException at SkiaGmRunner.kt:66

SkiaGmRunner > render GM(SkiaGm) > [102] org.graphiks.kanvas.skia.gm.text.FontMgrGm@5c0272e0 PASSED

SkiaGmRunner > render GM(SkiaGm) > [103] org.graphiks.kanvas.skia.gm.text.FontMgrMatchGm@34f60be9 PASSED

SkiaGmRunner > render GM(SkiaGm) > [104] org.graphiks.kanvas.skia.gm.text.FontPaletteGm@5b4d9bda FAILED
    org.graphiks.kanvas.surface.gpu.GPUPreparedSurfaceTerminalException at SkiaGmRunner.kt:66

SkiaGmRunner > render GM(SkiaGm) > [105] org.graphiks.kanvas.skia.gm.text.FontRegenGm@5ebf776c PASSED

SkiaGmRunner > render GM(SkiaGm) > [106] org.graphiks.kanvas.skia.gm.text.FontScalerDistortableGm@dd060be FAILED
    org.graphiks.kanvas.surface.gpu.GPUPreparedSurfaceTerminalException at SkiaGmRunner.kt:66

SkiaGmRunner > render GM(SkiaGm) > [107] org.graphiks.kanvas.skia.gm.text.FontScalerGm@4be7acd9 FAILED
    org.graphiks.kanvas.surface.gpu.GPUPreparedSurfaceTerminalException at SkiaGmRunner.kt:66

SkiaGmRunner > render GM(SkiaGm) > [108] org.graphiks.kanvas.skia.gm.text.GammashadertextGm@aca594d PASSED

SkiaGmRunner > render GM(SkiaGm) > [109] org.graphiks.kanvas.skia.gm.text.GammatextColorShaderGm@6b170692 FAILED
    org.graphiks.kanvas.surface.gpu.GPUPreparedSurfaceTerminalException at SkiaGmRunner.kt:66

SkiaGmRunner > render GM(SkiaGm) > [110] org.graphiks.kanvas.skia.gm.text.GammatextGm@70f8d217 FAILED
    org.graphiks.kanvas.surface.gpu.GPUPreparedSurfaceTerminalException at SkiaGmRunner.kt:66

SkiaGmRunner > render GM(SkiaGm) > [111] org.graphiks.kanvas.skia.gm.text.GetPosTextPathGm@23e3a27f FAILED
    org.graphiks.kanvas.surface.gpu.GPUPreparedSurfaceTerminalException at SkiaGmRunner.kt:66

SkiaGmRunner > render GM(SkiaGm) > [112] org.graphiks.kanvas.skia.gm.text.GradTextGm@7890fbf9 FAILED
    org.graphiks.kanvas.surface.gpu.GPUPreparedSurfaceTerminalException at SkiaGmRunner.kt:66

SkiaGmRunner > render GM(SkiaGm) > [113] org.graphiks.kanvas.skia.gm.text.LargeGlyphBlurGm@7c013560 FAILED
    org.graphiks.kanvas.surface.gpu.GPUPreparedSurfaceTerminalException at SkiaGmRunner.kt:66

SkiaGmRunner > render GM(SkiaGm) > [114] org.graphiks.kanvas.skia.gm.text.LcdOverlapGm@3dbb7bb FAILED
    org.graphiks.kanvas.surface.gpu.GPUPreparedSurfaceTerminalException at SkiaGmRunner.kt:66

SkiaGmRunner > render GM(SkiaGm) > [115] org.graphiks.kanvas.skia.gm.text.MacaaColorsGm@4c5c0306 FAILED
    org.graphiks.kanvas.surface.gpu.GPUPreparedSurfaceTerminalException at SkiaGmRunner.kt:66

SkiaGmRunner > render GM(SkiaGm) > [116] org.graphiks.kanvas.skia.gm.text.MixedTextBlobsGm@2f98fe6f FAILED
    org.graphiks.kanvas.surface.gpu.GPUPreparedSurfaceTerminalException at SkiaGmRunner.kt:66

SkiaGmRunner > render GM(SkiaGm) > [117] org.graphiks.kanvas.skia.gm.text.OverdrawTextXformGm@5d8112e6 FAILED
    org.graphiks.kanvas.surface.gpu.GPUPreparedSurfaceTerminalException at SkiaGmRunner.kt:66

SkiaGmRunner > render GM(SkiaGm) > [118] org.graphiks.kanvas.skia.gm.text.PaletteGm@1e12fdcf PASSED

SkiaGmRunner > render GM(SkiaGm) > [119] org.graphiks.kanvas.skia.gm.text.PdfNeverEmbedGm@4144d4a FAILED
    org.graphiks.kanvas.surface.gpu.GPUPreparedSurfaceTerminalException at SkiaGmRunner.kt:66

SkiaGmRunner > render GM(SkiaGm) > [120] org.graphiks.kanvas.skia.gm.text.PdfTableBasedSubsetGm@757f47f0 PASSED

SkiaGmRunner > render GM(SkiaGm) > [121] org.graphiks.kanvas.skia.gm.text.PerspTextGm@470ad01c FAILED
    org.graphiks.kanvas.surface.gpu.GPUPreparedSurfaceTerminalException at SkiaGmRunner.kt:66

SkiaGmRunner > render GM(SkiaGm) > [122] org.graphiks.kanvas.skia.gm.text.PerspTextMinimalGm@7528089c FAILED
    org.graphiks.kanvas.surface.gpu.GPUPreparedSurfaceTerminalException at SkiaGmRunner.kt:66

SkiaGmRunner > render GM(SkiaGm) > [123] org.graphiks.kanvas.skia.gm.text.RsxBlobShaderGm@16269ff4 PASSED

SkiaGmRunner > render GM(SkiaGm) > [124] org.graphiks.kanvas.skia.gm.text.ScaledEmojiPerspectiveGm@5ce0f50a FAILED
    org.graphiks.kanvas.surface.gpu.GPUPreparedSurfaceTerminalException at SkiaGmRunner.kt:66

SkiaGmRunner > render GM(SkiaGm) > [125] org.graphiks.kanvas.skia.gm.text.ScaledEmojiPosGm@2111d7b9 FAILED
    org.graphiks.kanvas.surface.gpu.GPUPreparedSurfaceTerminalException at SkiaGmRunner.kt:66

SkiaGmRunner > render GM(SkiaGm) > [126] org.graphiks.kanvas.skia.gm.text.ScaledemojiGm@65fe1f47 FAILED
    org.graphiks.kanvas.surface.gpu.GPUPreparedSurfaceTerminalException at SkiaGmRunner.kt:66

SkiaGmRunner > render GM(SkiaGm) > [127] org.graphiks.kanvas.skia.gm.text.ScaledemojiRenderingGm@6a8ab98f FAILED
    org.graphiks.kanvas.surface.gpu.GPUPreparedSurfaceTerminalException at SkiaGmRunner.kt:66

SkiaGmRunner > render GM(SkiaGm) > [128] org.graphiks.kanvas.skia.gm.text.ShaderText3Gm@610d0067 FAILED
    org.graphiks.kanvas.surface.gpu.GPUPreparedSurfaceTerminalException at SkiaGmRunner.kt:66

SkiaGmRunner > render GM(SkiaGm) > [129] org.graphiks.kanvas.skia.gm.text.Skbug12212Gm@16e0afab PASSED

SkiaGmRunner > render GM(SkiaGm) > [130] org.graphiks.kanvas.skia.gm.text.Skbug257Gm@5478597 FAILED
    org.graphiks.kanvas.surface.gpu.GPUPreparedSurfaceTerminalException at SkiaGmRunner.kt:66

SkiaGmRunner > render GM(SkiaGm) > [131] org.graphiks.kanvas.skia.gm.text.Skbug5321Gm@71c69628 PASSED

SkiaGmRunner > render GM(SkiaGm) > [132] org.graphiks.kanvas.skia.gm.text.Skbug8955Gm@24fb8317 FAILED
    org.graphiks.kanvas.surface.gpu.GPUPreparedSurfaceTerminalException at SkiaGmRunner.kt:66

SkiaGmRunner > render GM(SkiaGm) > [133] org.graphiks.kanvas.skia.gm.text.SlugGm@4a7c8cb7 FAILED
    org.graphiks.kanvas.surface.gpu.GPUPreparedSurfaceTerminalException at SkiaGmRunner.kt:66

SkiaGmRunner > render GM(SkiaGm) > [134] org.graphiks.kanvas.skia.gm.text.StrokeTextGm@3f67f5ff FAILED
    org.graphiks.kanvas.surface.gpu.GPUPreparedSurfaceTerminalException at SkiaGmRunner.kt:66

SkiaGmRunner > render GM(SkiaGm) > [135] org.graphiks.kanvas.skia.gm.text.StrokeTextNativeGm@1677f98b FAILED
    org.graphiks.kanvas.surface.gpu.GPUPreparedSurfaceTerminalException at SkiaGmRunner.kt:66

SkiaGmRunner > render GM(SkiaGm) > [136] org.graphiks.kanvas.skia.gm.text.SurfacePropsGm@1e733bb5 FAILED
    org.graphiks.kanvas.surface.gpu.GPUPreparedSurfaceTerminalException at SkiaGmRunner.kt:66

SkiaGmRunner > render GM(SkiaGm) > [137] org.graphiks.kanvas.skia.gm.text.TextBlobBlockReorderingGm@26723525 FAILED
    org.graphiks.kanvas.surface.gpu.GPUPreparedSurfaceTerminalException at SkiaGmRunner.kt:66

SkiaGmRunner > render GM(SkiaGm) > [138] org.graphiks.kanvas.skia.gm.text.TextBlobColorTransGm@5af7e2f FAILED
    org.graphiks.kanvas.surface.gpu.GPUPreparedSurfaceTerminalException at SkiaGmRunner.kt:66

SkiaGmRunner > render GM(SkiaGm) > [139] org.graphiks.kanvas.skia.gm.text.TextBlobGeometryChangeGm@65293ca5 FAILED
    org.graphiks.kanvas.surface.gpu.GPUPreparedSurfaceTerminalException at SkiaGmRunner.kt:66

SkiaGmRunner > render GM(SkiaGm) > [140] org.graphiks.kanvas.skia.gm.text.TextBlobGm@5c20841d FAILED
    org.graphiks.kanvas.surface.gpu.GPUPreparedSurfaceTerminalException at SkiaGmRunner.kt:66

SkiaGmRunner > render GM(SkiaGm) > [141] org.graphiks.kanvas.skia.gm.text.TextBlobInterceptsGm@254210b1 FAILED
    org.graphiks.kanvas.surface.gpu.GPUPreparedSurfaceTerminalException at SkiaGmRunner.kt:66

SkiaGmRunner > render GM(SkiaGm) > [142] org.graphiks.kanvas.skia.gm.text.TextBlobMixedSizesGm@28f081ad FAILED
    org.graphiks.kanvas.surface.gpu.GPUPreparedSurfaceTerminalException at SkiaGmRunner.kt:66

SkiaGmRunner > render GM(SkiaGm) > [143] org.graphiks.kanvas.skia.gm.text.TextBlobRandomFontGm@1c96bf1e FAILED
    org.graphiks.kanvas.surface.gpu.GPUPreparedSurfaceTerminalException at SkiaGmRunner.kt:66

SkiaGmRunner > render GM(SkiaGm) > [144] org.graphiks.kanvas.skia.gm.text.TextBlobShaderGm@33cec966 PASSED

SkiaGmRunner > render GM(SkiaGm) > [145] org.graphiks.kanvas.skia.gm.text.TextBlobTransformsGm@77f95e19 FAILED
    org.graphiks.kanvas.surface.gpu.GPUPreparedSurfaceTerminalException at SkiaGmRunner.kt:66

SkiaGmRunner > render GM(SkiaGm) > [146] org.graphiks.kanvas.skia.gm.text.TextBlobUseAfterGpuFreeGm@7e4bbda4 FAILED
    org.graphiks.kanvas.surface.gpu.GPUPreparedSurfaceTerminalException at SkiaGmRunner.kt:66

SkiaGmRunner > render GM(SkiaGm) > [147] org.graphiks.kanvas.skia.gm.text.TextEffectsGm@5bb45afc FAILED
    org.graphiks.kanvas.surface.gpu.GPUPreparedSurfaceTerminalException at SkiaGmRunner.kt:66

SkiaGmRunner > render GM(SkiaGm) > [148] org.graphiks.kanvas.skia.gm.text.TextFilterColorGm@71d8794f FAILED
    org.graphiks.kanvas.surface.gpu.GPUPreparedSurfaceTerminalException at SkiaGmRunner.kt:66

SkiaGmRunner > render GM(SkiaGm) > [149] org.graphiks.kanvas.skia.gm.text.TextFilterImageGm@299c86f0 FAILED
    org.graphiks.kanvas.surface.gpu.GPUPreparedSurfaceTerminalException at SkiaGmRunner.kt:66

SkiaGmRunner > render GM(SkiaGm) > [150] org.graphiks.kanvas.skia.gm.text.TextScaleSkewGm@129b0ed FAILED
    org.opentest4j.AssertionFailedError at SkiaGmRunner.kt:152

SkiaGmRunner > render GM(SkiaGm) > [151] org.graphiks.kanvas.skia.gm.text.TextScaleSkewRotateGm@1415f18d FAILED
    org.graphiks.kanvas.surface.gpu.GPUPreparedSurfaceTerminalException at SkiaGmRunner.kt:66

SkiaGmRunner > render GM(SkiaGm) > [152] org.graphiks.kanvas.skia.gm.text.TypefaceRenderingGm@ce5a2ea FAILED
    org.graphiks.kanvas.surface.gpu.GPUPreparedSurfaceTerminalException at SkiaGmRunner.kt:66

SkiaGmRunner > render GM(SkiaGm) > [153] org.graphiks.kanvas.skia.gm.text.TypefaceRenderingPfaGm@359fd0a2 PASSED

SkiaGmRunner > render GM(SkiaGm) > [154] org.graphiks.kanvas.skia.gm.text.TypefaceRenderingPfbGm@3bea478e PASSED

SkiaGmRunner > render GM(SkiaGm) > [155] org.graphiks.kanvas.skia.gm.text.TypefaceStylesGm@1ff52a71 FAILED
    org.graphiks.kanvas.surface.gpu.GPUPreparedSurfaceTerminalException at SkiaGmRunner.kt:66

SkiaGmRunner > render GM(SkiaGm) > [156] org.graphiks.kanvas.skia.gm.text.TypefaceStylesKerningGm@439047ef FAILED
    org.graphiks.kanvas.surface.gpu.GPUPreparedSurfaceTerminalException at SkiaGmRunner.kt:66

SkiaGmRunner > render GM(SkiaGm) > [157] org.graphiks.kanvas.skia.gm.text.TypefaceStylingGm@74471600 FAILED
    org.graphiks.kanvas.surface.gpu.GPUPreparedSurfaceTerminalException at SkiaGmRunner.kt:66

SkiaGmRunner > render GM(SkiaGm) > [158] org.graphiks.kanvas.skia.gm.text.UserTypefaceGm@329a27ae FAILED
    org.graphiks.kanvas.surface.gpu.GPUPreparedSurfaceTerminalException at SkiaGmRunner.kt:66

158 tests completed, 142 failed

> Task :integration-tests:skia:test FAILED

[Incubating] Problems report is available at: file:///Users/chaos/.local/share/opencode/worktree/b0ac68aba2977c8e330962597a21babf616d6567/quick-sailor/build/reports/problems/problems-report.html

FAILURE: Build failed with an exception.

* What went wrong:
Execution failed for task ':integration-tests:skia:test'.
> There were failing tests. See the report at: file:///Users/chaos/.local/share/opencode/worktree/b0ac68aba2977c8e330962597a21babf616d6567/quick-sailor/integration-tests/skia/build/reports/tests/test/index.html

* Try:
> Run with --scan to generate a Build Scan (powered by Develocity).

Deprecated Gradle features were used in this build, making it incompatible with Gradle 10.

You can use '--warning-mode all' to show the individual deprecation warnings and determine if they come from your own scripts or plugins.

For more on this, please refer to https://docs.gradle.org/9.2.0/userguide/command_line_interface.html#sec:command_line_warnings in the Gradle documentation.

BUILD FAILED in 58s
84 actionable tasks: 2 executed, 82 up-to-date
