WARNING: A restricted method in java.lang.System has been called
WARNING: java.lang.System::load has been called by net.rubygrapefruit.platform.internal.NativeLibraryLoader in an unnamed module (file:/Users/chaos/.gradle/wrapper/dists/gradle-9.2.0-bin/11i5gvueggl8a5cioxuftxrik/gradle-9.2.0/lib/native-platform-0.22-milestone-29.jar)
WARNING: Use --enable-native-access=ALL-UNNAMED to avoid a warning for callers in this module
WARNING: Restricted methods will be blocked in a future release unless native access is enabled

To honour the JVM settings for this build a single-use Daemon process will be forked. For more on this, please refer to https://docs.gradle.org/9.2.0/userguide/gradle_daemon.html#sec:disabling_the_daemon in the Gradle documentation.
Daemon will be stopped at the end of the build
> Task :buildSrc:checkKotlinGradlePluginConfigurationErrors SKIPPED
> Task :buildSrc:generateExternalPluginSpecBuilders UP-TO-DATE
> Task :buildSrc:extractPrecompiledScriptPluginPlugins UP-TO-DATE
> Task :buildSrc:compilePluginsBlocks UP-TO-DATE
> Task :buildSrc:generatePrecompiledScriptPluginAccessors UP-TO-DATE
> Task :buildSrc:generateScriptPluginAdapters UP-TO-DATE
> Task :buildSrc:compileKotlin UP-TO-DATE
> Task :buildSrc:compileJava NO-SOURCE
> Task :buildSrc:compileGroovy NO-SOURCE
> Task :buildSrc:pluginDescriptors UP-TO-DATE
> Task :buildSrc:processResources UP-TO-DATE
> Task :buildSrc:classes UP-TO-DATE
> Task :buildSrc:jar UP-TO-DATE
> Task :codec:checkKotlinGradlePluginConfigurationErrors SKIPPED
> Task :color-management:checkKotlinGradlePluginConfigurationErrors SKIPPED
> Task :math:kmpPartiallyResolvedDependenciesChecker
> Task :math:checkKotlinGradlePluginConfigurationErrors SKIPPED
> Task :math:compileKotlinJvm UP-TO-DATE
> Task :math:compileJvmMainJava NO-SOURCE
> Task :math:jvmProcessResources NO-SOURCE
> Task :math:processJvmMainResources SKIPPED
> Task :math:jvmMainClasses UP-TO-DATE
> Task :math:jvmJar UP-TO-DATE
> Task :color-management:compileKotlin UP-TO-DATE
> Task :color-management:compileJava NO-SOURCE
> Task :font:checkKotlinGradlePluginConfigurationErrors SKIPPED
> Task :font:core:checkKotlinGradlePluginConfigurationErrors SKIPPED
> Task :font:core:compileKotlin UP-TO-DATE
> Task :font:core:compileJava NO-SOURCE
> Task :font:colr:checkKotlinGradlePluginConfigurationErrors SKIPPED
> Task :font:sfnt:checkKotlinGradlePluginConfigurationErrors SKIPPED
> Task :font:sfnt:compileKotlin UP-TO-DATE
> Task :font:sfnt:compileJava NO-SOURCE
> Task :font:colr:compileKotlin UP-TO-DATE
> Task :font:colr:compileJava NO-SOURCE
> Task :font:colr:processResources NO-SOURCE
> Task :font:colr:classes UP-TO-DATE
> Task :font:colr:jar UP-TO-DATE
> Task :font:glyph:checkKotlinGradlePluginConfigurationErrors SKIPPED
> Task :font:gpu-api:checkKotlinGradlePluginConfigurationErrors SKIPPED
> Task :font:gpu-api:compileKotlin UP-TO-DATE
> Task :font:gpu-api:compileJava NO-SOURCE
> Task :font:scaler:checkKotlinGradlePluginConfigurationErrors SKIPPED
> Task :font:scaler:compileKotlin UP-TO-DATE
> Task :font:scaler:compileJava NO-SOURCE
> Task :font:text:checkKotlinGradlePluginConfigurationErrors SKIPPED
> Task :font:text:compileKotlin UP-TO-DATE
> Task :font:text:compileJava NO-SOURCE
> Task :font:glyph:compileKotlin UP-TO-DATE
> Task :font:glyph:compileJava NO-SOURCE
> Task :font:compileKotlin UP-TO-DATE
> Task :font:compileJava NO-SOURCE
> Task :gpu-renderer:checkKotlinGradlePluginConfigurationErrors SKIPPED
> Task :gpu-renderer:compileKotlin UP-TO-DATE
> Task :gpu-renderer:compileJava NO-SOURCE
> Task :kanvas:checkKotlinGradlePluginConfigurationErrors SKIPPED
> Task :kanvas:compileKotlin UP-TO-DATE
> Task :kanvas:compileJava NO-SOURCE
> Task :codec:api:checkKotlinGradlePluginConfigurationErrors SKIPPED
> Task :codec:api:compileKotlin UP-TO-DATE
> Task :codec:api:compileJava NO-SOURCE
> Task :codec:bmp:checkKotlinGradlePluginConfigurationErrors SKIPPED
> Task :codec:common:checkKotlinGradlePluginConfigurationErrors SKIPPED
> Task :codec:common:compileKotlin UP-TO-DATE
> Task :codec:common:compileJava NO-SOURCE
> Task :codec:common:processResources NO-SOURCE
> Task :codec:common:classes UP-TO-DATE
> Task :codec:common:jar UP-TO-DATE
> Task :codec:core:checkKotlinGradlePluginConfigurationErrors SKIPPED
> Task :codec:core:compileKotlin NO-SOURCE
> Task :codec:core:compileJava NO-SOURCE
> Task :codec:bmp:compileKotlin UP-TO-DATE
> Task :codec:bmp:compileJava NO-SOURCE
> Task :codec:bmp:processResources UP-TO-DATE
> Task :codec:bmp:classes UP-TO-DATE
> Task :codec:bmp:jar UP-TO-DATE
> Task :codec:extended:checkKotlinGradlePluginConfigurationErrors SKIPPED
> Task :codec:extended:compileKotlin UP-TO-DATE
> Task :codec:extended:compileJava NO-SOURCE
> Task :codec:extended:processResources UP-TO-DATE
> Task :codec:extended:classes UP-TO-DATE
> Task :codec:extended:jar UP-TO-DATE
> Task :codec:gif:checkKotlinGradlePluginConfigurationErrors SKIPPED
> Task :codec:gif:compileKotlin UP-TO-DATE
> Task :codec:gif:compileJava NO-SOURCE
> Task :codec:gif:processResources UP-TO-DATE
> Task :codec:gif:classes UP-TO-DATE
> Task :codec:gif:jar UP-TO-DATE
> Task :codec:ico:checkKotlinGradlePluginConfigurationErrors SKIPPED
> Task :codec:png:checkKotlinGradlePluginConfigurationErrors SKIPPED
> Task :codec:png:compileKotlin UP-TO-DATE
> Task :codec:png:compileJava NO-SOURCE
> Task :codec:png:processResources UP-TO-DATE
> Task :codec:png:classes UP-TO-DATE
> Task :codec:png:jar UP-TO-DATE
> Task :codec:ico:compileKotlin UP-TO-DATE
> Task :codec:ico:compileJava NO-SOURCE
> Task :codec:ico:processResources UP-TO-DATE
> Task :codec:ico:classes UP-TO-DATE
> Task :codec:ico:jar UP-TO-DATE
> Task :codec:jpeg:checkKotlinGradlePluginConfigurationErrors SKIPPED
> Task :codec:jpeg:compileKotlin UP-TO-DATE
> Task :codec:jpeg:compileJava NO-SOURCE
> Task :codec:jpeg:processResources UP-TO-DATE
> Task :codec:jpeg:classes UP-TO-DATE
> Task :codec:jpeg:jar UP-TO-DATE
> Task :codec:jpeg-ls:checkKotlinGradlePluginConfigurationErrors SKIPPED
> Task :codec:jpeg-ls:compileKotlin UP-TO-DATE
> Task :codec:jpeg-ls:compileJava NO-SOURCE
> Task :codec:jpeg-ls:processResources UP-TO-DATE
> Task :codec:jpeg-ls:classes UP-TO-DATE
> Task :codec:jpeg-ls:jar UP-TO-DATE
> Task :codec:jpeg2000:checkKotlinGradlePluginConfigurationErrors SKIPPED
> Task :codec:jpeg2000:compileKotlin UP-TO-DATE
> Task :codec:jpeg2000:compileJava NO-SOURCE
> Task :codec:jpeg2000:processResources UP-TO-DATE
> Task :codec:jpeg2000:classes UP-TO-DATE
> Task :codec:jpeg2000:jar UP-TO-DATE
> Task :codec:jpegxl:checkKotlinGradlePluginConfigurationErrors SKIPPED
> Task :codec:jpegxl:compileKotlin UP-TO-DATE
> Task :codec:jpegxl:compileJava NO-SOURCE
> Task :codec:jpegxl:processResources UP-TO-DATE
> Task :codec:jpegxl:classes UP-TO-DATE
> Task :codec:jpegxl:jar UP-TO-DATE
> Task :codec:wbmp:checkKotlinGradlePluginConfigurationErrors SKIPPED
> Task :codec:wbmp:compileKotlin UP-TO-DATE
> Task :codec:wbmp:compileJava NO-SOURCE
> Task :codec:wbmp:processResources UP-TO-DATE
> Task :codec:wbmp:classes UP-TO-DATE
> Task :codec:wbmp:jar UP-TO-DATE
> Task :codec:webp:checkKotlinGradlePluginConfigurationErrors SKIPPED
> Task :codec:webp:compileKotlin UP-TO-DATE
> Task :codec:webp:compileJava NO-SOURCE
> Task :codec:webp:processResources UP-TO-DATE
> Task :codec:webp:classes UP-TO-DATE
> Task :codec:webp:jar UP-TO-DATE
> Task :codec:compileKotlin NO-SOURCE
> Task :codec:compileJava NO-SOURCE
> Task :codec:processResources NO-SOURCE
> Task :codec:classes UP-TO-DATE
> Task :codec:jar UP-TO-DATE
> Task :color-management:processResources NO-SOURCE
> Task :color-management:classes UP-TO-DATE
> Task :color-management:jar UP-TO-DATE
> Task :font:processResources NO-SOURCE
> Task :font:classes UP-TO-DATE
> Task :font:jar UP-TO-DATE
> Task :gpu-renderer:processResources UP-TO-DATE
> Task :gpu-renderer:classes UP-TO-DATE
> Task :gpu-renderer:jar UP-TO-DATE
> Task :kanvas:processResources NO-SOURCE
> Task :kanvas:classes UP-TO-DATE
> Task :kanvas:jar UP-TO-DATE
> Task :codec:api:processResources UP-TO-DATE
> Task :codec:api:classes UP-TO-DATE
> Task :codec:api:jar UP-TO-DATE
> Task :codec:core:processResources NO-SOURCE
> Task :codec:core:classes UP-TO-DATE
> Task :codec:core:jar UP-TO-DATE
> Task :font:core:processResources NO-SOURCE
> Task :font:core:classes UP-TO-DATE
> Task :font:core:jar UP-TO-DATE
> Task :font:glyph:processResources NO-SOURCE
> Task :font:glyph:classes UP-TO-DATE
> Task :font:glyph:jar UP-TO-DATE
> Task :font:gpu-api:processResources NO-SOURCE
> Task :font:gpu-api:classes UP-TO-DATE
> Task :font:gpu-api:jar UP-TO-DATE
> Task :font:scaler:processResources NO-SOURCE
> Task :font:scaler:classes UP-TO-DATE
> Task :font:scaler:jar UP-TO-DATE
> Task :font:sfnt:processResources NO-SOURCE
> Task :font:sfnt:classes UP-TO-DATE
> Task :font:sfnt:jar UP-TO-DATE
> Task :font:text:processResources UP-TO-DATE
> Task :font:text:classes UP-TO-DATE
> Task :font:text:jar UP-TO-DATE
> Task :integration-tests:diagnostic:checkKotlinGradlePluginConfigurationErrors SKIPPED
> Task :integration-tests:test-utils:checkKotlinGradlePluginConfigurationErrors SKIPPED
> Task :integration-tests:test-utils:compileKotlin UP-TO-DATE
> Task :integration-tests:test-utils:compileJava NO-SOURCE
> Task :integration-tests:diagnostic:compileKotlin UP-TO-DATE
> Task :integration-tests:diagnostic:compileJava NO-SOURCE
> Task :integration-tests:diagnostic:processResources NO-SOURCE
> Task :integration-tests:diagnostic:classes UP-TO-DATE
> Task :integration-tests:diagnostic:jar UP-TO-DATE
> Task :integration-tests:skia:checkKotlinGradlePluginConfigurationErrors SKIPPED
> Task :integration-tests:skia:compileKotlin NO-SOURCE
> Task :integration-tests:skia:compileJava NO-SOURCE
> Task :integration-tests:skia:processResources NO-SOURCE
> Task :integration-tests:skia:classes UP-TO-DATE
> Task :integration-tests:skia:jar UP-TO-DATE
> Task :integration-tests:skia:compileTestKotlin UP-TO-DATE
> Task :integration-tests:skia:compileTestJava NO-SOURCE
> Task :integration-tests:skia:processTestResources UP-TO-DATE
> Task :integration-tests:skia:testClasses UP-TO-DATE
> Task :integration-tests:test-utils:processResources NO-SOURCE
> Task :integration-tests:test-utils:classes UP-TO-DATE
> Task :integration-tests:test-utils:jar UP-TO-DATE

> Task :integration-tests:skia:generateSkiaScan
[SKIP] org.graphiks.kanvas.skia.gm.blur.MatrixConvolutionGm
[SKIP] org.graphiks.kanvas.skia.gm.clip.ComplexClip2Gm
[SKIP] org.graphiks.kanvas.skia.gm.image.AnimCodecPlayerExifGm
[SKIP] org.graphiks.kanvas.skia.gm.image.DrawBitmapRectGm
[SKIP] org.graphiks.kanvas.skia.gm.path.InnerShapesGm
[SKIP] org.graphiks.kanvas.skia.gm.path.TrickyCubicStrokesGm
[SKIP] org.graphiks.kanvas.skia.gm.text.GlyphPosGm
WARNING: A terminally deprecated method in sun.misc.Unsafe has been called
WARNING: sun.misc.Unsafe::objectFieldOffset has been called by org.lwjgl.system.MemoryUtil (file:/Users/chaos/.gradle/caches/modules-2/files-2.1/org.lwjgl/lwjgl/3.3.3/29589b5f87ed335a6c7e7ee6a5775f81f97ecb84/lwjgl-3.3.3.jar)
WARNING: Please consider reporting this to the maintainers of class org.lwjgl.system.MemoryUtil
WARNING: sun.misc.Unsafe::objectFieldOffset will be removed in a future release
Exception in thread "Thread-0" java.lang.InterruptedException: sleep interrupted
	at java.base/java.lang.Thread.sleepNanos0(Native Method)
	at java.base/java.lang.Thread.sleepNanos(Thread.java:509)
	at java.base/java.lang.Thread.sleep(Thread.java:540)
	at org.graphiks.kanvas.skia.SkiaGmScannerKt.main$lambda$2(SkiaGmScanner.kt:134)
	at java.base/java.lang.Thread.run(Thread.java:1474)
[FAIL] 351 lit_shader_linear_rt (840ms) unsupported.material.radial_gradient_capability_missing: unsupported.material.radial_gradient_capability_missing
Exception in thread "Thread-4" java.lang.InterruptedException: sleep interrupted
[FAIL] 352 localmatriximageshader_filtering (30ms) unsupported.material.source_unimplemented: unsupported.material.source_unimplemented
	at java.base/java.lang.Thread.sleepNanos0(Native Method)
	at java.base/java.lang.Thread.sleepNanos(Thread.java:509)
	at java.base/java.lang.Thread.sleep(Thread.java:540)
	at org.graphiks.kanvas.skia.SkiaGmScannerKt.main$lambda$2(SkiaGmScanner.kt:134)
	at java.base/java.lang.Thread.run(Thread.java:1474)
[FAIL] 353 localmatriximageshader (270ms) unsupported.material.source_unimplemented: unsupported.material.source_unimplemented
Exception in thread "Thread-5" java.lang.InterruptedException: sleep interrupted
	at java.base/java.lang.Thread.sleepNanos0(Native Method)
	at java.base/java.lang.Thread.sleepNanos(Thread.java:509)
	at java.base/java.lang.Thread.sleep(Thread.java:540)
	at org.graphiks.kanvas.skia.SkiaGmScannerKt.main$lambda$2(SkiaGmScanner.kt:134)
	at java.base/java.lang.Thread.run(Thread.java:1474)
Exception in thread "Thread-6" [FAIL] 354 localmatrixshader_nested (5ms) unsupported.geometry.path_key_nondeterministic: unsupported.geometry.path_key_nondeterministic
java.lang.InterruptedException: sleep interrupted
	at java.base/java.lang.Thread.sleepNanos0(Native Method)
	at java.base/java.lang.Thread.sleepNanos(Thread.java:509)
	at java.base/java.lang.Thread.sleep(Thread.java:540)
	at org.graphiks.kanvas.skia.SkiaGmScannerKt.main$lambda$2(SkiaGmScanner.kt:134)
	at java.base/java.lang.Thread.run(Thread.java:1474)
Exception in thread "Thread-7" java.lang.InterruptedException: sleep interrupted
[FAIL] 355 localmatrixshader_persp (3ms) null
	at java.base/java.lang.Thread.sleepNanos0(Native Method)
	at java.base/java.lang.Thread.sleepNanos(Thread.java:509)
	at java.base/java.lang.Thread.sleep(Thread.java:540)
	at org.graphiks.kanvas.skia.SkiaGmScannerKt.main$lambda$2(SkiaGmScanner.kt:134)
	at java.base/java.lang.Thread.run(Thread.java:1474)
[FAIL] 356 local_matrix_shader_rt (3ms) unsupported.material.source_unimplemented: unsupported.material.source_unimplemented
Exception in thread "Thread-8" java.lang.InterruptedException: sleep interrupted
	at java.base/java.lang.Thread.sleepNanos0(Native Method)
	at java.base/java.lang.Thread.sleepNanos(Thread.java:509)
	at java.base/java.lang.Thread.sleep(Thread.java:540)
	at org.graphiks.kanvas.skia.SkiaGmScannerKt.main$lambda$2(SkiaGmScanner.kt:134)
	at java.base/java.lang.Thread.run(Thread.java:1474)
[FAIL] 357 localmatrix_order (7ms) unsupported.material.source_unimplemented: unsupported.material.source_unimplemented
Exception in thread "Thread-9" java.lang.InterruptedException: sleep interrupted
	at java.base/java.lang.Thread.sleepNanos0(Native Method)
	at java.base/java.lang.Thread.sleepNanos(Thread.java:509)
	at java.base/java.lang.Thread.sleep(Thread.java:540)
	at org.graphiks.kanvas.skia.SkiaGmScannerKt.main$lambda$2(SkiaGmScanner.kt:134)
	at java.base/java.lang.Thread.run(Thread.java:1474)
[FAIL] 358 makecolorspace (11ms) unsupported.image.alpha_interpretation: Prepared Surface operation could not be lowered.
Exception in thread "Thread-10" java.lang.InterruptedException: sleep interrupted
	at java.base/java.lang.Thread.sleepNanos0(Native Method)
	at java.base/java.lang.Thread.sleepNanos(Thread.java:509)
	at java.base/java.lang.Thread.sleep(Thread.java:540)
	at org.graphiks.kanvas.skia.SkiaGmScannerKt.main$lambda$2(SkiaGmScanner.kt:134)
	at java.base/java.lang.Thread.run(Thread.java:1474)
Exception in thread "Thread-11" java.lang.InterruptedException: sleep interrupted
	at java.base/java.lang.Thread.sleepNanos0(Native Method)
	at java.base/java.lang.Thread.sleepNanos(Thread.java:509)
	at java.base/java.lang.Thread.sleep(Thread.java:540)
	at org.graphiks.kanvas.skia.SkiaGmScannerKt.main$lambda$2(SkiaGmScanner.kt:134)
	at java.base/java.lang.Thread.run(Thread.java:1474)
[DONE] 359 makecolortypeandspace (51ms)
[FAIL] 360 makeRasterImage (4ms) unsupported.image.alpha_interpretation: Prepared Surface operation could not be lowered.
Exception in thread "Thread-12" java.lang.InterruptedException: sleep interrupted
	at java.base/java.lang.Thread.sleepNanos0(Native Method)
	at java.base/java.lang.Thread.sleepNanos(Thread.java:509)
	at java.base/java.lang.Thread.sleep(Thread.java:540)
	at org.graphiks.kanvas.skia.SkiaGmScannerKt.main$lambda$2(SkiaGmScanner.kt:134)
	at java.base/java.lang.Thread.run(Thread.java:1474)
[FAIL] 361 mipmap_gray8_srgb (1ms) unsupported.image.pixel.format: Prepared Surface operation could not be lowered.
Exception in thread "Thread-13" java.lang.InterruptedException: sleep interrupted
	at java.base/java.lang.Thread.sleepNanos0(Native Method)
	at java.base/java.lang.Thread.sleepNanos(Thread.java:509)
	at java.base/java.lang.Thread.sleep(Thread.java:540)
	at org.graphiks.kanvas.skia.SkiaGmScannerKt.main$lambda$2(SkiaGmScanner.kt:134)
	at java.base/java.lang.Thread.run(Thread.java:1474)
[FAIL] 362 mipmap_srgb (1ms) unsupported.image.alpha_interpretation: Prepared Surface operation could not be lowered.
Exception in thread "Thread-14" java.lang.InterruptedException: sleep interrupted
	at java.base/java.lang.Thread.sleepNanos0(Native Method)
	at java.base/java.lang.Thread.sleepNanos(Thread.java:509)
	at java.base/java.lang.Thread.sleep(Thread.java:540)
	at org.graphiks.kanvas.skia.SkiaGmScannerKt.main$lambda$2(SkiaGmScanner.kt:134)
	at java.base/java.lang.Thread.run(Thread.java:1474)
[FAIL] 363 mirror_tile (2ms) unsupported.transform.affine_material: unsupported.transform.affine_material
Exception in thread "Thread-15" java.lang.InterruptedException: sleep interrupted
	at java.base/java.lang.Thread.sleepNanos0(Native Method)
	at java.base/java.lang.Thread.sleepNanos(Thread.java:509)
	at java.base/java.lang.Thread.sleep(Thread.java:540)
	at org.graphiks.kanvas.skia.SkiaGmScannerKt.main$lambda$2(SkiaGmScanner.kt:134)
	at java.base/java.lang.Thread.run(Thread.java:1474)
[FAIL] 364 nearest_half_pixel_image (0ms) unsupported.image.alpha_interpretation: Prepared Surface operation could not be lowered.
Exception in thread "Thread-16" java.lang.InterruptedException: sleep interrupted
	at java.base/java.lang.Thread.sleepNanos0(Native Method)
	at java.base/java.lang.Thread.sleepNanos(Thread.java:509)
	at java.base/java.lang.Thread.sleep(Thread.java:540)
	at org.graphiks.kanvas.skia.SkiaGmScannerKt.main$lambda$2(SkiaGmScanner.kt:134)
	at java.base/java.lang.Thread.run(Thread.java:1474)
[DONE] 365 new_texture_image (12ms)
Exception in thread "Thread-17" java.lang.InterruptedException: sleep interrupted
	at java.base/java.lang.Thread.sleepNanos0(Native Method)
	at java.base/java.lang.Thread.sleepNanos(Thread.java:509)
	at java.base/java.lang.Thread.sleep(Thread.java:540)
	at org.graphiks.kanvas.skia.SkiaGmScannerKt.main$lambda$2(SkiaGmScanner.kt:134)
	at java.base/java.lang.Thread.run(Thread.java:1474)
[FAIL] 366 ninepatch-stretch (22ms) unsupported.image.nine_geometry: Prepared Surface operation could not be lowered.
Exception in thread "Thread-18" java.lang.InterruptedException: sleep interrupted
	at java.base/java.lang.Thread.sleepNanos0(Native Method)
	at java.base/java.lang.Thread.sleepNanos(Thread.java:509)
	at java.base/java.lang.Thread.sleep(Thread.java:540)
	at org.graphiks.kanvas.skia.SkiaGmScannerKt.main$lambda$2(SkiaGmScanner.kt:134)
	at java.base/java.lang.Thread.run(Thread.java:1474)
Exception in thread "Thread-19" [FAIL] 367 not_native32_bitmap_config (23ms) unsupported.core_primitive.stencil_edge_fan_budget: Core primitive geometry cannot be lowered exactly by the current canonical route.
java.lang.InterruptedException: sleep interrupted
	at java.base/java.lang.Thread.sleepNanos0(Native Method)
	at java.base/java.lang.Thread.sleepNanos(Thread.java:509)
	at java.base/java.lang.Thread.sleep(Thread.java:540)
	at org.graphiks.kanvas.skia.SkiaGmScannerKt.main$lambda$2(SkiaGmScanner.kt:134)
	at java.base/java.lang.Thread.run(Thread.java:1474)
[FAIL] 368 null_child_rt (3ms) unsupported.core_primitive.material.non_solid: Core primitive geometry cannot be lowered exactly by the current canonical route.
Exception in thread "Thread-20" java.lang.InterruptedException: sleep interrupted
	at java.base/java.lang.Thread.sleepNanos0(Native Method)
	at java.base/java.lang.Thread.sleepNanos(Thread.java:509)
	at java.base/java.lang.Thread.sleep(Thread.java:540)
	at org.graphiks.kanvas.skia.SkiaGmScannerKt.main$lambda$2(SkiaGmScanner.kt:134)
	at java.base/java.lang.Thread.run(Thread.java:1474)
[FAIL] 369 p3 (0ms) unsupported.image.alpha_interpretation: Prepared Surface operation could not be lowered.
Exception in thread "Thread-21" java.lang.InterruptedException: sleep interrupted
	at java.base/java.lang.Thread.sleepNanos0(Native Method)
	at java.base/java.lang.Thread.sleepNanos(Thread.java:509)
	at java.base/java.lang.Thread.sleep(Thread.java:540)
	at org.graphiks.kanvas.skia.SkiaGmScannerKt.main$lambda$2(SkiaGmScanner.kt:134)
	at java.base/java.lang.Thread.run(Thread.java:1474)
[FAIL] 370 persp_images (1ms) unsupported.image.alpha_interpretation: Prepared Surface operation could not be lowered.
Exception in thread "Thread-22" java.lang.InterruptedException: sleep interrupted
	at java.base/java.lang.Thread.sleepNanos0(Native Method)
	at java.base/java.lang.Thread.sleepNanos(Thread.java:509)
	at java.base/java.lang.Thread.sleep(Thread.java:540)
	at org.graphiks.kanvas.skia.SkiaGmScannerKt.main$lambda$2(SkiaGmScanner.kt:134)
	at java.base/java.lang.Thread.run(Thread.java:1474)
[FAIL] 371 pictureimagefilter (6ms) unsupported.composite.paint: Prepared Surface composite could not be lowered.
Exception in thread "Thread-23" java.lang.InterruptedException: sleep interrupted
	at java.base/java.lang.Thread.sleepNanos0(Native Method)
	at java.base/java.lang.Thread.sleepNanos(Thread.java:509)
	at java.base/java.lang.Thread.sleep(Thread.java:540)
	at org.graphiks.kanvas.skia.SkiaGmScannerKt.main$lambda$2(SkiaGmScanner.kt:134)
	at java.base/java.lang.Thread.run(Thread.java:1474)
[FAIL] 372 pictureimagegenerator (61ms) unsupported.composite.operation: Prepared Surface composite could not be lowered.
Exception in thread "Thread-24" java.lang.InterruptedException: sleep interrupted
	at java.base/java.lang.Thread.sleepNanos0(Native Method)
	at java.base/java.lang.Thread.sleepNanos(Thread.java:509)
	at java.base/java.lang.Thread.sleep(Thread.java:540)
	at org.graphiks.kanvas.skia.SkiaGmScannerKt.main$lambda$2(SkiaGmScanner.kt:134)
	at java.base/java.lang.Thread.run(Thread.java:1474)
[FAIL] 373 pictureshader_alpha (3ms) unsupported.core_primitive.stencil_edge_fan_budget: Core primitive geometry cannot be lowered exactly by the current canonical route.
Exception in thread "Thread-25" java.lang.InterruptedException: sleep interrupted
	at java.base/java.lang.Thread.sleepNanos0(Native Method)
	at java.base/java.lang.Thread.sleepNanos(Thread.java:509)
	at java.base/java.lang.Thread.sleep(Thread.java:540)
	at org.graphiks.kanvas.skia.SkiaGmScannerKt.main$lambda$2(SkiaGmScanner.kt:134)
	at java.base/java.lang.Thread.run(Thread.java:1474)
[FAIL] 374 pictureshadercache (3ms) unsupported.core_primitive.stencil_edge_fan_budget: Core primitive geometry cannot be lowered exactly by the current canonical route.
Exception in thread "Thread-26" java.lang.InterruptedException: sleep interrupted
	at java.base/java.lang.Thread.sleepNanos0(Native Method)
	at java.base/java.lang.Thread.sleepNanos(Thread.java:509)
	at java.base/java.lang.Thread.sleep(Thread.java:540)
	at org.graphiks.kanvas.skia.SkiaGmScannerKt.main$lambda$2(SkiaGmScanner.kt:134)
	at java.base/java.lang.Thread.run(Thread.java:1474)
Exception in thread "Thread-27" [FAIL] 375 pictureshader (2ms) unsupported.core_primitive.stencil_edge_fan_budget: Core primitive geometry cannot be lowered exactly by the current canonical route.
java.lang.InterruptedException: sleep interrupted
	at java.base/java.lang.Thread.sleepNanos0(Native Method)
	at java.base/java.lang.Thread.sleepNanos(Thread.java:509)
	at java.base/java.lang.Thread.sleep(Thread.java:540)
	at org.graphiks.kanvas.skia.SkiaGmScannerKt.main$lambda$2(SkiaGmScanner.kt:134)
	at java.base/java.lang.Thread.run(Thread.java:1474)
Exception in thread "Thread-28" [FAIL] 376 pictureshader_localwrapper (1ms) unsupported.core_primitive.stencil_edge_fan_budget: Core primitive geometry cannot be lowered exactly by the current canonical route.
java.lang.InterruptedException: sleep interrupted
	at java.base/java.lang.Thread.sleepNanos0(Native Method)
	at java.base/java.lang.Thread.sleepNanos(Thread.java:509)
	at java.base/java.lang.Thread.sleep(Thread.java:540)
	at org.graphiks.kanvas.skia.SkiaGmScannerKt.main$lambda$2(SkiaGmScanner.kt:134)
	at java.base/java.lang.Thread.run(Thread.java:1474)
[FAIL] 377 pictureshader_persp (3ms) unsupported.core_primitive.stencil_edge_fan_budget: Core primitive geometry cannot be lowered exactly by the current canonical route.
Exception in thread "Thread-29" java.lang.InterruptedException: sleep interrupted
	at java.base/java.lang.Thread.sleepNanos0(Native Method)
	at java.base/java.lang.Thread.sleepNanos(Thread.java:509)
	at java.base/java.lang.Thread.sleep(Thread.java:540)
	at org.graphiks.kanvas.skia.SkiaGmScannerKt.main$lambda$2(SkiaGmScanner.kt:134)
	at java.base/java.lang.Thread.run(Thread.java:1474)
[FAIL] 378 pictureshadertile (1ms) unsupported.transform.class_downgrade: unsupported.transform.class_downgrade
Exception in thread "Thread-30" java.lang.InterruptedException: sleep interrupted
	at java.base/java.lang.Thread.sleepNanos0(Native Method)
	at java.base/java.lang.Thread.sleepNanos(Thread.java:509)
	at java.base/java.lang.Thread.sleep(Thread.java:540)
	at org.graphiks.kanvas.skia.SkiaGmScannerKt.main$lambda$2(SkiaGmScanner.kt:134)
	at java.base/java.lang.Thread.run(Thread.java:1474)
[DONE] 379 poster_circle (19ms)
Exception in thread "Thread-31" java.lang.InterruptedException: sleep interrupted
	at java.base/java.lang.Thread.sleepNanos0(Native Method)
	at java.base/java.lang.Thread.sleepNanos(Thread.java:509)
	at java.base/java.lang.Thread.sleep(Thread.java:540)
	at org.graphiks.kanvas.skia.SkiaGmScannerKt.main$lambda$2(SkiaGmScanner.kt:134)
	at java.base/java.lang.Thread.run(Thread.java:1474)
[DONE] 380 raw_image_shader_normals_rt (29ms)
Exception in thread "Thread-32" java.lang.InterruptedException: sleep interrupted
	at java.base/java.lang.Thread.sleepNanos0(Native Method)
	at java.base/java.lang.Thread.sleepNanos(Thread.java:509)
	at java.base/java.lang.Thread.sleep(Thread.java:540)
	at org.graphiks.kanvas.skia.SkiaGmScannerKt.main$lambda$2(SkiaGmScanner.kt:134)
	at java.base/java.lang.Thread.run(Thread.java:1474)
Exception in thread "Thread-33" java.lang.InterruptedException: sleep interrupted
[FAIL] 381 readpixelscodec (8ms) unsupported.core_primitive.coverage_sample.scalar_aa_not_promoted: ScalarAA coverage is promoted only by the exact single-sample B3.5b analytic route.
	at java.base/java.lang.Thread.sleepNanos0(Native Method)
	at java.base/java.lang.Thread.sleepNanos(Thread.java:509)
	at java.base/java.lang.Thread.sleep(Thread.java:540)
	at org.graphiks.kanvas.skia.SkiaGmScannerKt.main$lambda$2(SkiaGmScanner.kt:134)
	at java.base/java.lang.Thread.run(Thread.java:1474)
Exception in thread "Thread-34" java.lang.InterruptedException: sleep interrupted
[FAIL] 382 readpixelspicture (2ms) unsupported.geometry.path_key_nondeterministic: unsupported.geometry.path_key_nondeterministic
	at java.base/java.lang.Thread.sleepNanos0(Native Method)
	at java.base/java.lang.Thread.sleepNanos(Thread.java:509)
	at java.base/java.lang.Thread.sleep(Thread.java:540)
	at org.graphiks.kanvas.skia.SkiaGmScannerKt.main$lambda$2(SkiaGmScanner.kt:134)
	at java.base/java.lang.Thread.run(Thread.java:1474)
Exception in thread "Thread-35" [FAIL] 383 reinterpretcolorspace (0ms) unsupported.image.alpha_interpretation: Prepared Surface operation could not be lowered.
java.lang.InterruptedException: sleep interrupted
	at java.base/java.lang.Thread.sleepNanos0(Native Method)
	at java.base/java.lang.Thread.sleepNanos(Thread.java:509)
	at java.base/java.lang.Thread.sleep(Thread.java:540)
	at org.graphiks.kanvas.skia.SkiaGmScannerKt.main$lambda$2(SkiaGmScanner.kt:134)
	at java.base/java.lang.Thread.run(Thread.java:1474)
[FAIL] 384 repeated_bitmap (14ms) unsupported.image.alpha_interpretation: Prepared Surface operation could not be lowered.
Exception in thread "Thread-36" java.lang.InterruptedException: sleep interrupted
	at java.base/java.lang.Thread.sleepNanos0(Native Method)
	at java.base/java.lang.Thread.sleepNanos(Thread.java:509)
	at java.base/java.lang.Thread.sleep(Thread.java:540)
	at org.graphiks.kanvas.skia.SkiaGmScannerKt.main$lambda$2(SkiaGmScanner.kt:134)
	at java.base/java.lang.Thread.run(Thread.java:1474)
[FAIL] 385 repeated_bitmap_jpg (47ms) unsupported.image.alpha_interpretation: Prepared Surface operation could not be lowered.
Exception in thread "Thread-37" java.lang.InterruptedException: sleep interrupted
	at java.base/java.lang.Thread.sleepNanos0(Native Method)
	at java.base/java.lang.Thread.sleepNanos(Thread.java:509)
	at java.base/java.lang.Thread.sleep(Thread.java:540)
	at org.graphiks.kanvas.skia.SkiaGmScannerKt.main$lambda$2(SkiaGmScanner.kt:134)
	at java.base/java.lang.Thread.run(Thread.java:1474)
[DONE] 386 scale-pixels (19ms)
Exception in thread "Thread-38" java.lang.InterruptedException: sleep interrupted
	at java.base/java.lang.Thread.sleepNanos0(Native Method)
	at java.base/java.lang.Thread.sleepNanos(Thread.java:509)
	at java.base/java.lang.Thread.sleep(Thread.java:540)
	at org.graphiks.kanvas.skia.SkiaGmScannerKt.main$lambda$2(SkiaGmScanner.kt:134)
	at java.base/java.lang.Thread.run(Thread.java:1474)
Exception in thread "Thread-39" [FAIL] 387 scaled_tilemode_bitmap (1ms) unsupported.material.linear_gradient_capability_missing: unsupported.material.linear_gradient_capability_missing
java.lang.InterruptedException: sleep interrupted
	at java.base/java.lang.Thread.sleepNanos0(Native Method)
	at java.base/java.lang.Thread.sleepNanos(Thread.java:509)
	at java.base/java.lang.Thread.sleep(Thread.java:540)
	at org.graphiks.kanvas.skia.SkiaGmScannerKt.main$lambda$2(SkiaGmScanner.kt:134)
	at java.base/java.lang.Thread.run(Thread.java:1474)
[DONE] 388 scaled_tilemodes (20ms)
Exception in thread "Thread-40" java.lang.InterruptedException: sleep interrupted
	at java.base/java.lang.Thread.sleepNanos0(Native Method)
	at java.base/java.lang.Thread.sleepNanos(Thread.java:509)
	at java.base/java.lang.Thread.sleep(Thread.java:540)
	at org.graphiks.kanvas.skia.SkiaGmScannerKt.main$lambda$2(SkiaGmScanner.kt:134)
	at java.base/java.lang.Thread.run(Thread.java:1474)
Exception in thread "Thread-41" [DONE] 389 scaled_tilemodes_npot (20ms)
java.lang.InterruptedException: sleep interrupted
	at java.base/java.lang.Thread.sleepNanos0(Native Method)
	at java.base/java.lang.Thread.sleepNanos(Thread.java:509)
	at java.base/java.lang.Thread.sleep(Thread.java:540)
	at org.graphiks.kanvas.skia.SkiaGmScannerKt.main$lambda$2(SkiaGmScanner.kt:134)
	at java.base/java.lang.Thread.run(Thread.java:1474)
[FAIL] 390 scalepixels_unpremul (19ms) unsupported.image.alpha_interpretation: Prepared Surface operation could not be lowered.
Exception in thread "Thread-42" java.lang.InterruptedException: sleep interrupted
	at java.base/java.lang.Thread.sleepNanos0(Native Method)
	at java.base/java.lang.Thread.sleepNanos(Thread.java:509)
	at java.base/java.lang.Thread.sleep(Thread.java:540)
	at org.graphiks.kanvas.skia.SkiaGmScannerKt.main$lambda$2(SkiaGmScanner.kt:134)
	at java.base/java.lang.Thread.run(Thread.java:1474)
[FAIL] 391 shaderpath (0ms) unsupported.material.linear_gradient_capability_missing: unsupported.material.linear_gradient_capability_missing
Exception in thread "Thread-43" java.lang.InterruptedException: sleep interrupted
	at java.base/java.lang.Thread.sleepNanos0(Native Method)
	at java.base/java.lang.Thread.sleepNanos(Thread.java:509)
	at java.base/java.lang.Thread.sleep(Thread.java:540)
	at org.graphiks.kanvas.skia.SkiaGmScannerKt.main$lambda$2(SkiaGmScanner.kt:134)
	at java.base/java.lang.Thread.run(Thread.java:1474)
[DONE] 392 showmiplevels_explicit (28ms)
Exception in thread "Thread-44" java.lang.InterruptedException: sleep interrupted
	at java.base/java.lang.Thread.sleepNanos0(Native Method)
	at java.base/java.lang.Thread.sleepNanos(Thread.java:509)
	at java.base/java.lang.Thread.sleep(Thread.java:540)
	at org.graphiks.kanvas.skia.SkiaGmScannerKt.main$lambda$2(SkiaGmScanner.kt:134)
	at java.base/java.lang.Thread.run(Thread.java:1474)
[FAIL] 393 skbug_8664 (1ms) unsupported.image.alpha_interpretation: Prepared Surface operation could not be lowered.
Exception in thread "Thread-45" java.lang.InterruptedException: sleep interrupted
	at java.base/java.lang.Thread.sleepNanos0(Native Method)
	at java.base/java.lang.Thread.sleepNanos(Thread.java:509)
	at java.base/java.lang.Thread.sleep(Thread.java:540)
	at org.graphiks.kanvas.skia.SkiaGmScannerKt.main$lambda$2(SkiaGmScanner.kt:134)
	at java.base/java.lang.Thread.run(Thread.java:1474)
[FAIL] 394 skbug_9819 (0ms) unsupported.composite.operation: Prepared Surface composite could not be lowered.
Exception in thread "Thread-46" java.lang.InterruptedException: sleep interrupted
	at java.base/java.lang.Thread.sleepNanos0(Native Method)
	at java.base/java.lang.Thread.sleepNanos(Thread.java:509)
	at java.base/java.lang.Thread.sleep(Thread.java:540)
	at org.graphiks.kanvas.skia.SkiaGmScannerKt.main$lambda$2(SkiaGmScanner.kt:134)
	at java.base/java.lang.Thread.run(Thread.java:1474)
[FAIL] 395 stoplight_animated_image (11ms) unsupported.surface.prepared.mixed-composite-topology: Prepared Surface composite frames cannot cover the picture topology.
Exception in thread "Thread-47" java.lang.InterruptedException: sleep interrupted
	at java.base/java.lang.Thread.sleepNanos0(Native Method)
	at java.base/java.lang.Thread.sleepNanos(Thread.java:509)
	at java.base/java.lang.Thread.sleep(Thread.java:540)
	at org.graphiks.kanvas.skia.SkiaGmScannerKt.main$lambda$2(SkiaGmScanner.kt:134)
	at java.base/java.lang.Thread.run(Thread.java:1474)
[FAIL] 396 surface_underdraw (0ms) unsupported.material.gradient_tile_mode_unsupported: unsupported.material.gradient_tile_mode_unsupported
Exception in thread "Thread-48" java.lang.InterruptedException: sleep interrupted
	at java.base/java.lang.Thread.sleepNanos0(Native Method)
	at java.base/java.lang.Thread.sleepNanos(Thread.java:509)
	at java.base/java.lang.Thread.sleep(Thread.java:540)
	at org.graphiks.kanvas.skia.SkiaGmScannerKt.main$lambda$2(SkiaGmScanner.kt:134)
	at java.base/java.lang.Thread.run(Thread.java:1474)
[FAIL] 397 texture (9ms) unsupported.geometry.path_key_nondeterministic: unsupported.geometry.path_key_nondeterministic
Exception in thread "Thread-49" java.lang.InterruptedException: sleep interrupted
	at java.base/java.lang.Thread.sleepNanos0(Native Method)
	at java.base/java.lang.Thread.sleepNanos(Thread.java:509)
	at java.base/java.lang.Thread.sleep(Thread.java:540)
	at org.graphiks.kanvas.skia.SkiaGmScannerKt.main$lambda$2(SkiaGmScanner.kt:134)
	at java.base/java.lang.Thread.run(Thread.java:1474)
[FAIL] 398 textureimage_and_shader (0ms) unsupported.image.alpha_interpretation: Prepared Surface operation could not be lowered.
Exception in thread "Thread-50" java.lang.InterruptedException: sleep interrupted
	at java.base/java.lang.Thread.sleepNanos0(Native Method)
	at java.base/java.lang.Thread.sleepNanos(Thread.java:509)
	at java.base/java.lang.Thread.sleep(Thread.java:540)
	at org.graphiks.kanvas.skia.SkiaGmScannerKt.main$lambda$2(SkiaGmScanner.kt:134)
	at java.base/java.lang.Thread.run(Thread.java:1474)
[FAIL] 399 tiled_picture_shader (1ms) unsupported.geometry.path_key_nondeterministic: unsupported.geometry.path_key_nondeterministic
Exception in thread "Thread-51" java.lang.InterruptedException: sleep interrupted
	at java.base/java.lang.Thread.sleepNanos0(Native Method)
	at java.base/java.lang.Thread.sleepNanos(Thread.java:509)
	at java.base/java.lang.Thread.sleep(Thread.java:540)
	at org.graphiks.kanvas.skia.SkiaGmScannerKt.main$lambda$2(SkiaGmScanner.kt:134)
	at java.base/java.lang.Thread.run(Thread.java:1474)
Exception in thread "Thread-52" java.lang.InterruptedException: sleep interrupted
[FAIL] 400 tiledscaledbitmap (7ms) unsupported.core_primitive.stencil_edge_fan_budget: Core primitive geometry cannot be lowered exactly by the current canonical route.
	at java.base/java.lang.Thread.sleepNanos0(Native Method)
	at java.base/java.lang.Thread.sleepNanos(Thread.java:509)
	at java.base/java.lang.Thread.sleep(Thread.java:540)
	at org.graphiks.kanvas.skia.SkiaGmScannerKt.main$lambda$2(SkiaGmScanner.kt:134)
	at java.base/java.lang.Thread.run(Thread.java:1474)
[FAIL] 401 tilemode_decal (2ms) unsupported.material.source_unimplemented: unsupported.material.source_unimplemented
Exception in thread "Thread-53" java.lang.InterruptedException: sleep interrupted
	at java.base/java.lang.Thread.sleepNanos0(Native Method)
	at java.base/java.lang.Thread.sleepNanos(Thread.java:509)
	at java.base/java.lang.Thread.sleep(Thread.java:540)
	at org.graphiks.kanvas.skia.SkiaGmScannerKt.main$lambda$2(SkiaGmScanner.kt:134)
	at java.base/java.lang.Thread.run(Thread.java:1474)
[FAIL] 402 tilemodes_alpha (0ms) unsupported.material.source_unimplemented: unsupported.material.source_unimplemented
Exception in thread "Thread-54" java.lang.InterruptedException: sleep interrupted
	at java.base/java.lang.Thread.sleepNanos0(Native Method)
	at java.base/java.lang.Thread.sleepNanos(Thread.java:509)
	at java.base/java.lang.Thread.sleep(Thread.java:540)
	at org.graphiks.kanvas.skia.SkiaGmScannerKt.main$lambda$2(SkiaGmScanner.kt:134)
	at java.base/java.lang.Thread.run(Thread.java:1474)
Exception in thread "Thread-55" java.lang.InterruptedException: sleep interrupted
[FAIL] 403 tilemodes (0ms) unsupported.material.linear_gradient_capability_missing: unsupported.material.linear_gradient_capability_missing
	at java.base/java.lang.Thread.sleepNanos0(Native Method)
	at java.base/java.lang.Thread.sleepNanos(Thread.java:509)
	at java.base/java.lang.Thread.sleep(Thread.java:540)
	at org.graphiks.kanvas.skia.SkiaGmScannerKt.main$lambda$2(SkiaGmScanner.kt:134)
	at java.base/java.lang.Thread.run(Thread.java:1474)
[FAIL] 404 tilemode_bitmap (14ms) unsupported.material.linear_gradient_capability_missing: unsupported.material.linear_gradient_capability_missing
Exception in thread "Thread-56" java.lang.InterruptedException: sleep interrupted
	at java.base/java.lang.Thread.sleepNanos0(Native Method)
	at java.base/java.lang.Thread.sleepNanos(Thread.java:509)
	at java.base/java.lang.Thread.sleep(Thread.java:540)
	at org.graphiks.kanvas.skia.SkiaGmScannerKt.main$lambda$2(SkiaGmScanner.kt:134)
	at java.base/java.lang.Thread.run(Thread.java:1474)
[FAIL] 405 tilemode_gradient (584ms) unsupported.material.linear_gradient_capability_missing: unsupported.material.linear_gradient_capability_missing
Exception in thread "Thread-57" java.lang.InterruptedException: sleep interrupted
	at java.base/java.lang.Thread.sleepNanos0(Native Method)
	at java.base/java.lang.Thread.sleepNanos(Thread.java:509)
	at java.base/java.lang.Thread.sleep(Thread.java:540)
	at org.graphiks.kanvas.skia.SkiaGmScannerKt.main$lambda$2(SkiaGmScanner.kt:134)
	at java.base/java.lang.Thread.run(Thread.java:1474)
[FAIL] 406 tinybitmap (0ms) unsupported.material.source_unimplemented: unsupported.material.source_unimplemented
Exception in thread "Thread-58" java.lang.InterruptedException: sleep interrupted
	at java.base/java.lang.Thread.sleepNanos0(Native Method)
	at java.base/java.lang.Thread.sleepNanos(Thread.java:509)
	at java.base/java.lang.Thread.sleep(Thread.java:540)
	at org.graphiks.kanvas.skia.SkiaGmScannerKt.main$lambda$2(SkiaGmScanner.kt:134)
	at java.base/java.lang.Thread.run(Thread.java:1474)
Exception in thread "Thread-59" java.lang.InterruptedException: sleep interrupted
[FAIL] 407 unpremul (1ms) unsupported.composite.operation: Prepared Surface composite could not be lowered.
	at java.base/java.lang.Thread.sleepNanos0(Native Method)
	at java.base/java.lang.Thread.sleepNanos(Thread.java:509)
	at java.base/java.lang.Thread.sleep(Thread.java:540)
	at org.graphiks.kanvas.skia.SkiaGmScannerKt.main$lambda$2(SkiaGmScanner.kt:134)
	at java.base/java.lang.Thread.run(Thread.java:1474)
Exception in thread "Thread-60" java.lang.InterruptedException: sleep interrupted
[FAIL] 408 verylargebitmap (0ms) unsupported.material.gradient_tile_mode_unsupported: unsupported.material.gradient_tile_mode_unsupported
	at java.base/java.lang.Thread.sleepNanos0(Native Method)
	at java.base/java.lang.Thread.sleepNanos(Thread.java:509)
	at java.base/java.lang.Thread.sleep(Thread.java:540)
	at org.graphiks.kanvas.skia.SkiaGmScannerKt.main$lambda$2(SkiaGmScanner.kt:134)
	at java.base/java.lang.Thread.run(Thread.java:1474)
[FAIL] 409 verylarge_picture_image (0ms) unsupported.material.linear_gradient_capability_missing: unsupported.material.linear_gradient_capability_missing
Exception in thread "Thread-61" java.lang.InterruptedException: sleep interrupted
	at java.base/java.lang.Thread.sleepNanos0(Native Method)
	at java.base/java.lang.Thread.sleepNanos(Thread.java:509)
	at java.base/java.lang.Thread.sleep(Thread.java:540)
	at org.graphiks.kanvas.skia.SkiaGmScannerKt.main$lambda$2(SkiaGmScanner.kt:134)
	at java.base/java.lang.Thread.run(Thread.java:1474)
[DONE] 410 wacky_yuv_formats (51ms)
Exception in thread "Thread-62" java.lang.InterruptedException: sleep interrupted
	at java.base/java.lang.Thread.sleepNanos0(Native Method)
	at java.base/java.lang.Thread.sleepNanos(Thread.java:509)
	at java.base/java.lang.Thread.sleep(Thread.java:540)
	at org.graphiks.kanvas.skia.SkiaGmScannerKt.main$lambda$2(SkiaGmScanner.kt:134)
	at java.base/java.lang.Thread.run(Thread.java:1474)
[DONE] 411 yuv420_odd_dim (9ms)
Exception in thread "Thread-63" java.lang.InterruptedException: sleep interrupted
	at java.base/java.lang.Thread.sleepNanos0(Native Method)
	at java.base/java.lang.Thread.sleepNanos(Thread.java:509)
	at java.base/java.lang.Thread.sleep(Thread.java:540)
	at org.graphiks.kanvas.skia.SkiaGmScannerKt.main$lambda$2(SkiaGmScanner.kt:134)
	at java.base/java.lang.Thread.run(Thread.java:1474)
Exception in thread "Thread-64" [DONE] 412 yuv420_odd_dim_repeat (20ms)
java.lang.InterruptedException: sleep interrupted
	at java.base/java.lang.Thread.sleepNanos0(Native Method)
	at java.base/java.lang.Thread.sleepNanos(Thread.java:509)
	at java.base/java.lang.Thread.sleep(Thread.java:540)
	at org.graphiks.kanvas.skia.SkiaGmScannerKt.main$lambda$2(SkiaGmScanner.kt:134)
	at java.base/java.lang.Thread.run(Thread.java:1474)
[FAIL] 413 custommesh_cs (125ms) failed.prepared-surface.materialization: Mixed prepared-surface materialization failed: IllegalArgumentException: List has more than one element..
Exception in thread "Thread-65" java.lang.InterruptedException: sleep interrupted
	at java.base/java.lang.Thread.sleepNanos0(Native Method)
	at java.base/java.lang.Thread.sleepNanos(Thread.java:509)
	at java.base/java.lang.Thread.sleep(Thread.java:540)
	at org.graphiks.kanvas.skia.SkiaGmScannerKt.main$lambda$2(SkiaGmScanner.kt:134)
	at java.base/java.lang.Thread.run(Thread.java:1474)
[FAIL] 414 custommesh_cs_uniforms (83ms) failed.prepared-surface.materialization: Mixed prepared-surface materialization failed: IllegalArgumentException: List has more than one element..
Exception in thread "Thread-66" java.lang.InterruptedException: sleep interrupted
	at java.base/java.lang.Thread.sleepNanos0(Native Method)
	at java.base/java.lang.Thread.sleepNanos(Thread.java:509)
	at java.base/java.lang.Thread.sleep(Thread.java:540)
	at org.graphiks.kanvas.skia.SkiaGmScannerKt.main$lambda$2(SkiaGmScanner.kt:134)
	at java.base/java.lang.Thread.run(Thread.java:1474)
[FAIL] 415 custommesh (33ms) invalid.frame_plan.destination_read_unbound: Destination-reading packet has no exact Task 5 copy or refusal association
Exception in thread "Thread-67" java.lang.InterruptedException: sleep interrupted
	at java.base/java.lang.Thread.sleepNanos0(Native Method)
	at java.base/java.lang.Thread.sleepNanos(Thread.java:509)
	at java.base/java.lang.Thread.sleep(Thread.java:540)
	at org.graphiks.kanvas.skia.SkiaGmScannerKt.main$lambda$2(SkiaGmScanner.kt:134)
	at java.base/java.lang.Thread.run(Thread.java:1474)
[DONE] 416 custommesh_uniforms (24ms)
Exception in thread "Thread-68" java.lang.InterruptedException: sleep interrupted
	at java.base/java.lang.Thread.sleepNanos0(Native Method)
	at java.base/java.lang.Thread.sleepNanos(Thread.java:509)
	at java.base/java.lang.Thread.sleep(Thread.java:540)
	at org.graphiks.kanvas.skia.SkiaGmScannerKt.main$lambda$2(SkiaGmScanner.kt:134)
	at java.base/java.lang.Thread.run(Thread.java:1474)
Exception in thread "Thread-69" java.lang.InterruptedException: sleep interrupted
[FAIL] 417 mesh_updates (15ms) failed.prepared-surface.materialization: Mixed prepared-surface materialization failed: IllegalArgumentException: List has more than one element..
	at java.base/java.lang.Thread.sleepNanos0(Native Method)
	at java.base/java.lang.Thread.sleepNanos(Thread.java:509)
	at java.base/java.lang.Thread.sleep(Thread.java:540)
	at org.graphiks.kanvas.skia.SkiaGmScannerKt.main$lambda$2(SkiaGmScanner.kt:134)
	at java.base/java.lang.Thread.run(Thread.java:1474)
[FAIL] 418 mesh_with_effects (4ms) unsupported.vertices.material: Prepared Surface operation could not be lowered.
Exception in thread "Thread-70" java.lang.InterruptedException: sleep interrupted
	at java.base/java.lang.Thread.sleepNanos0(Native Method)
	at java.base/java.lang.Thread.sleepNanos(Thread.java:509)
	at java.base/java.lang.Thread.sleep(Thread.java:540)
	at org.graphiks.kanvas.skia.SkiaGmScannerKt.main$lambda$2(SkiaGmScanner.kt:134)
	at java.base/java.lang.Thread.run(Thread.java:1474)
[FAIL] 419 mesh_with_image (16ms) unsupported.prepared-vertices.sampled-material: Prepared-vertices material sha256:f27e08a553990ae560b958ae261c67e9db35955cc20dd3426867414789f7c986 samples frame resources that require the sampled-material materializer.
Exception in thread "Thread-71" java.lang.InterruptedException: sleep interrupted
	at java.base/java.lang.Thread.sleepNanos0(Native Method)
	at java.base/java.lang.Thread.sleepNanos(Thread.java:509)
	at java.base/java.lang.Thread.sleep(Thread.java:540)
	at org.graphiks.kanvas.skia.SkiaGmScannerKt.main$lambda$2(SkiaGmScanner.kt:134)
	at java.base/java.lang.Thread.run(Thread.java:1474)
[DONE] 420 mesh_with_paint_color (13ms)
Exception in thread "Thread-72" java.lang.InterruptedException: sleep interrupted
	at java.base/java.lang.Thread.sleepNanos0(Native Method)
	at java.base/java.lang.Thread.sleepNanos(Thread.java:509)
	at java.base/java.lang.Thread.sleep(Thread.java:540)
	at org.graphiks.kanvas.skia.SkiaGmScannerKt.main$lambda$2(SkiaGmScanner.kt:134)
	at java.base/java.lang.Thread.run(Thread.java:1474)
Exception in thread "Thread-73" java.lang.InterruptedException: sleep interrupted
[FAIL] 421 mesh_with_paint_image (11ms) unsupported.prepared-vertices.sampled-material: Prepared-vertices material sha256:5ca44f7445e37f527df1d45e22613291afab5ec1cec0592c1194840af0fa6e43 samples frame resources that require the sampled-material materializer.
	at java.base/java.lang.Thread.sleepNanos0(Native Method)
[FAIL] 422 mesh_zero_init (0ms) STUB.MESH.GPU_ZERO_INIT
	at java.base/java.lang.Thread.sleepNanos(Thread.java:509)
	at java.base/java.lang.Thread.sleep(Thread.java:540)
	at org.graphiks.kanvas.skia.SkiaGmScannerKt.main$lambda$2(SkiaGmScanner.kt:134)
	at java.base/java.lang.Thread.run(Thread.java:1474)
Exception in thread "Thread-74" java.lang.InterruptedException: sleep interrupted
	at java.base/java.lang.Thread.sleepNanos0(Native Method)
	at java.base/java.lang.Thread.sleepNanos(Thread.java:509)
	at java.base/java.lang.Thread.sleep(Thread.java:540)
	at org.graphiks.kanvas.skia.SkiaGmScannerKt.main$lambda$2(SkiaGmScanner.kt:134)
	at java.base/java.lang.Thread.run(Thread.java:1474)
[FAIL] 423 picture_mesh (0ms) unsupported.composite.operation: Prepared Surface composite could not be lowered.
Exception in thread "Thread-75" java.lang.InterruptedException: sleep interrupted
	at java.base/java.lang.Thread.sleepNanos0(Native Method)
	at java.base/java.lang.Thread.sleepNanos(Thread.java:509)
	at java.base/java.lang.Thread.sleep(Thread.java:540)
	at org.graphiks.kanvas.skia.SkiaGmScannerKt.main$lambda$2(SkiaGmScanner.kt:134)
	at java.base/java.lang.Thread.run(Thread.java:1474)
[FAIL] 424 skbug_13047 (1ms) unsupported.vertices.material: Prepared Surface operation could not be lowered.
Exception in thread "Thread-76" java.lang.InterruptedException: sleep interrupted
	at java.base/java.lang.Thread.sleepNanos0(Native Method)
	at java.base/java.lang.Thread.sleepNanos(Thread.java:509)
	at java.base/java.lang.Thread.sleep(Thread.java:540)
	at org.graphiks.kanvas.skia.SkiaGmScannerKt.main$lambda$2(SkiaGmScanner.kt:134)
	at java.base/java.lang.Thread.run(Thread.java:1474)
[FAIL] 425 vertices_batching (0ms) unsupported.vertices.topology: Prepared Surface operation could not be lowered.
Exception in thread "Thread-77" java.lang.InterruptedException: sleep interrupted
	at java.base/java.lang.Thread.sleepNanos0(Native Method)
	at java.base/java.lang.Thread.sleepNanos(Thread.java:509)
	at java.base/java.lang.Thread.sleep(Thread.java:540)
	at org.graphiks.kanvas.skia.SkiaGmScannerKt.main$lambda$2(SkiaGmScanner.kt:134)
	at java.base/java.lang.Thread.run(Thread.java:1474)
[FAIL] 426 vertices_collapsed (0ms) unsupported.vertices.material: Prepared Surface operation could not be lowered.
Exception in thread "Thread-78" java.lang.InterruptedException: sleep interrupted
	at java.base/java.lang.Thread.sleepNanos0(Native Method)
	at java.base/java.lang.Thread.sleepNanos(Thread.java:509)
	at java.base/java.lang.Thread.sleep(Thread.java:540)
	at org.graphiks.kanvas.skia.SkiaGmScannerKt.main$lambda$2(SkiaGmScanner.kt:134)
	at java.base/java.lang.Thread.run(Thread.java:1474)
[FAIL] 427 vertices (7ms) unsupported.vertices.material: Prepared Surface operation could not be lowered.
Exception in thread "Thread-79" java.lang.InterruptedException: sleep interrupted
	at java.base/java.lang.Thread.sleepNanos0(Native Method)
	at java.base/java.lang.Thread.sleepNanos(Thread.java:509)
	at java.base/java.lang.Thread.sleep(Thread.java:540)
	at org.graphiks.kanvas.skia.SkiaGmScannerKt.main$lambda$2(SkiaGmScanner.kt:134)
	at java.base/java.lang.Thread.run(Thread.java:1474)
[FAIL] 428 vertices_perspective (0ms) unsupported.vertices.material: Prepared Surface operation could not be lowered.
Exception in thread "Thread-80" java.lang.InterruptedException: sleep interrupted
	at java.base/java.lang.Thread.sleepNanos0(Native Method)
	at java.base/java.lang.Thread.sleepNanos(Thread.java:509)
	at java.base/java.lang.Thread.sleep(Thread.java:540)
	at org.graphiks.kanvas.skia.SkiaGmScannerKt.main$lambda$2(SkiaGmScanner.kt:134)
	at java.base/java.lang.Thread.run(Thread.java:1474)
[FAIL] 429 bezier_conic_effects (3ms) unsupported.geometry.path_key_nondeterministic: unsupported.geometry.path_key_nondeterministic
Exception in thread "Thread-81" java.lang.InterruptedException: sleep interrupted
	at java.base/java.lang.Thread.sleepNanos0(Native Method)
	at java.base/java.lang.Thread.sleepNanos(Thread.java:509)
	at java.base/java.lang.Thread.sleep(Thread.java:540)
	at org.graphiks.kanvas.skia.SkiaGmScannerKt.main$lambda$2(SkiaGmScanner.kt:134)
	at java.base/java.lang.Thread.run(Thread.java:1474)
Exception in thread "Thread-82" java.lang.InterruptedException: sleep interrupted
[FAIL] 430 bezier_quad_effects (2ms) unsupported.geometry.path_key_nondeterministic: unsupported.geometry.path_key_nondeterministic
	at java.base/java.lang.Thread.sleepNanos0(Native Method)
	at java.base/java.lang.Thread.sleepNanos(Thread.java:509)
	at java.base/java.lang.Thread.sleep(Thread.java:540)
	at org.graphiks.kanvas.skia.SkiaGmScannerKt.main$lambda$2(SkiaGmScanner.kt:134)
	at java.base/java.lang.Thread.run(Thread.java:1474)
[FAIL] 431 bug41422450 (0ms) unsupported.geometry.path_key_nondeterministic: unsupported.geometry.path_key_nondeterministic
Exception in thread "Thread-83" java.lang.InterruptedException: sleep interrupted
	at java.base/java.lang.Thread.sleepNanos0(Native Method)
	at java.base/java.lang.Thread.sleepNanos(Thread.java:509)
	at java.base/java.lang.Thread.sleep(Thread.java:540)
	at org.graphiks.kanvas.skia.SkiaGmScannerKt.main$lambda$2(SkiaGmScanner.kt:134)
	at java.base/java.lang.Thread.run(Thread.java:1474)
[FAIL] 432 ctmpatheffect (0ms) unsupported.geometry.path_key_nondeterministic: unsupported.geometry.path_key_nondeterministic
Exception in thread "Thread-84" java.lang.InterruptedException: sleep interrupted
	at java.base/java.lang.Thread.sleepNanos0(Native Method)
	at java.base/java.lang.Thread.sleepNanos(Thread.java:509)
	at java.base/java.lang.Thread.sleep(Thread.java:540)
	at org.graphiks.kanvas.skia.SkiaGmScannerKt.main$lambda$2(SkiaGmScanner.kt:134)
	at java.base/java.lang.Thread.run(Thread.java:1474)
[FAIL] 433 circle_sizes (5ms) unsupported.core_primitive.stencil_edge_fan_budget: Core primitive geometry cannot be lowered exactly by the current canonical route.
Exception in thread "Thread-85" java.lang.InterruptedException: sleep interrupted
	at java.base/java.lang.Thread.sleepNanos0(Native Method)
	at java.base/java.lang.Thread.sleepNanos(Thread.java:509)
	at java.base/java.lang.Thread.sleep(Thread.java:540)
	at org.graphiks.kanvas.skia.SkiaGmScannerKt.main$lambda$2(SkiaGmScanner.kt:134)
	at java.base/java.lang.Thread.run(Thread.java:1474)
[FAIL] 434 clockwise (1ms) unsupported.core_primitive.coverage_sample.scalar_aa_not_promoted: ScalarAA coverage is promoted only by the exact single-sample B3.5b analytic route.
Exception in thread "Thread-86" java.lang.InterruptedException: sleep interrupted
	at java.base/java.lang.Thread.sleepNanos0(Native Method)
	at java.base/java.lang.Thread.sleepNanos(Thread.java:509)
	at java.base/java.lang.Thread.sleep(Thread.java:540)
	at org.graphiks.kanvas.skia.SkiaGmScannerKt.main$lambda$2(SkiaGmScanner.kt:134)
	at java.base/java.lang.Thread.run(Thread.java:1474)
[FAIL] 435 concavepaths (3ms) unsupported.core_primitive.stencil_edge_fan_budget: Core primitive geometry cannot be lowered exactly by the current canonical route.
Exception in thread "Thread-87" java.lang.InterruptedException: sleep interrupted
	at java.base/java.lang.Thread.sleepNanos0(Native Method)
	at java.base/java.lang.Thread.sleepNanos(Thread.java:509)
	at java.base/java.lang.Thread.sleep(Thread.java:540)
	at org.graphiks.kanvas.skia.SkiaGmScannerKt.main$lambda$2(SkiaGmScanner.kt:134)
	at java.base/java.lang.Thread.run(Thread.java:1474)
[FAIL] 436 conicpaths (11ms) unsupported.geometry.path_key_nondeterministic: unsupported.geometry.path_key_nondeterministic
Exception in thread "Thread-88" java.lang.InterruptedException: sleep interrupted
	at java.base/java.lang.Thread.sleepNanos0(Native Method)
	at java.base/java.lang.Thread.sleepNanos(Thread.java:509)
	at java.base/java.lang.Thread.sleep(Thread.java:540)
	at org.graphiks.kanvas.skia.SkiaGmScannerKt.main$lambda$2(SkiaGmScanner.kt:134)
	at java.base/java.lang.Thread.run(Thread.java:1474)
[FAIL] 437 convex_lineonly_paths (11ms) unsupported.core_primitive.coverage_sample.scalar_aa_not_promoted: ScalarAA coverage is promoted only by the exact single-sample B3.5b analytic route.
Exception in thread "Thread-89" java.lang.InterruptedException: sleep interrupted
	at java.base/java.lang.Thread.sleepNanos0(Native Method)
	at java.base/java.lang.Thread.sleepNanos(Thread.java:509)
	at java.base/java.lang.Thread.sleep(Thread.java:540)
	at org.graphiks.kanvas.skia.SkiaGmScannerKt.main$lambda$2(SkiaGmScanner.kt:134)
	at java.base/java.lang.Thread.run(Thread.java:1474)
[FAIL] 438 convex_lineonly_paths_stroke_and_fill (7ms) unsupported.core_primitive.coverage_sample.scalar_aa_not_promoted: ScalarAA coverage is promoted only by the exact single-sample B3.5b analytic route.
Exception in thread "Thread-90" java.lang.InterruptedException: sleep interrupted
	at java.base/java.lang.Thread.sleepNanos0(Native Method)
	at java.base/java.lang.Thread.sleepNanos(Thread.java:509)
	at java.base/java.lang.Thread.sleep(Thread.java:540)
	at org.graphiks.kanvas.skia.SkiaGmScannerKt.main$lambda$2(SkiaGmScanner.kt:134)
	at java.base/java.lang.Thread.run(Thread.java:1474)
Exception in thread "Thread-91" java.lang.InterruptedException: sleep interrupted
[FAIL] 439 convexpaths (8ms) unsupported.core_primitive.stencil_edge_fan_budget: Core primitive geometry cannot be lowered exactly by the current canonical route.
	at java.base/java.lang.Thread.sleepNanos0(Native Method)
	at java.base/java.lang.Thread.sleepNanos(Thread.java:509)
	at java.base/java.lang.Thread.sleep(Thread.java:540)
	at org.graphiks.kanvas.skia.SkiaGmScannerKt.main$lambda$2(SkiaGmScanner.kt:134)
[FAIL] 440 convex-polygon-inset (0ms) An operation is not implemented: STUB.CONVEX_POLYGON_INSET — requires SkInsetConvexPolygon (Skia-internal utility)
	at java.base/java.lang.Thread.run(Thread.java:1474)
Exception in thread "Thread-92" java.lang.InterruptedException: sleep interrupted
	at java.base/java.lang.Thread.sleepNanos0(Native Method)
	at java.base/java.lang.Thread.sleepNanos(Thread.java:509)
	at java.base/java.lang.Thread.sleep(Thread.java:540)
	at org.graphiks.kanvas.skia.SkiaGmScannerKt.main$lambda$2(SkiaGmScanner.kt:134)
	at java.base/java.lang.Thread.run(Thread.java:1474)
Exception in thread "Thread-93" java.lang.InterruptedException: sleep interrupted
[DONE] 441 crbug_640176 (22ms)
	at java.base/java.lang.Thread.sleepNanos0(Native Method)
	at java.base/java.lang.Thread.sleepNanos(Thread.java:509)
	at java.base/java.lang.Thread.sleep(Thread.java:540)
	at org.graphiks.kanvas.skia.SkiaGmScannerKt.main$lambda$2(SkiaGmScanner.kt:134)
	at java.base/java.lang.Thread.run(Thread.java:1474)
[FAIL] 442 crbug_691386 (1ms) unsupported.geometry.path_key_nondeterministic: unsupported.geometry.path_key_nondeterministic
Exception in thread "Thread-94" java.lang.InterruptedException: sleep interrupted
	at java.base/java.lang.Thread.sleepNanos0(Native Method)
	at java.base/java.lang.Thread.sleepNanos(Thread.java:509)
	at java.base/java.lang.Thread.sleep(Thread.java:540)
	at org.graphiks.kanvas.skia.SkiaGmScannerKt.main$lambda$2(SkiaGmScanner.kt:134)
	at java.base/java.lang.Thread.run(Thread.java:1474)
[FAIL] 443 cubicclosepath (4ms) unsupported.geometry.path_key_nondeterministic: unsupported.geometry.path_key_nondeterministic
Exception in thread "Thread-95" java.lang.InterruptedException: sleep interrupted
	at java.base/java.lang.Thread.sleepNanos0(Native Method)
	at java.base/java.lang.Thread.sleepNanos(Thread.java:509)
	at java.base/java.lang.Thread.sleep(Thread.java:540)
	at org.graphiks.kanvas.skia.SkiaGmScannerKt.main$lambda$2(SkiaGmScanner.kt:134)
	at java.base/java.lang.Thread.run(Thread.java:1474)
Exception in thread "Thread-96" java.lang.InterruptedException: sleep interrupted
[FAIL] 444 cubicpath (3ms) unsupported.geometry.path_key_nondeterministic: unsupported.geometry.path_key_nondeterministic
	at java.base/java.lang.Thread.sleepNanos0(Native Method)
	at java.base/java.lang.Thread.sleepNanos(Thread.java:509)
	at java.base/java.lang.Thread.sleep(Thread.java:540)
	at org.graphiks.kanvas.skia.SkiaGmScannerKt.main$lambda$2(SkiaGmScanner.kt:134)
	at java.base/java.lang.Thread.run(Thread.java:1474)
[FAIL] 445 cubicpath_shader (0ms) unsupported.material.linear_gradient_capability_missing: unsupported.material.linear_gradient_capability_missing
Exception in thread "Thread-97" java.lang.InterruptedException: sleep interrupted
	at java.base/java.lang.Thread.sleepNanos0(Native Method)
	at java.base/java.lang.Thread.sleepNanos(Thread.java:509)
	at java.base/java.lang.Thread.sleep(Thread.java:540)
	at org.graphiks.kanvas.skia.SkiaGmScannerKt.main$lambda$2(SkiaGmScanner.kt:134)
	at java.base/java.lang.Thread.run(Thread.java:1474)
Exception in thread "Thread-98" java.lang.InterruptedException: sleep interrupted
[FAIL] 446 dashcircle (8ms) unsupported.geometry.path_key_nondeterministic: unsupported.geometry.path_key_nondeterministic
	at java.base/java.lang.Thread.sleepNanos0(Native Method)
	at java.base/java.lang.Thread.sleepNanos(Thread.java:509)
	at java.base/java.lang.Thread.sleep(Thread.java:540)
	at org.graphiks.kanvas.skia.SkiaGmScannerKt.main$lambda$2(SkiaGmScanner.kt:134)
	at java.base/java.lang.Thread.run(Thread.java:1474)
[FAIL] 447 dashtextcaps (0ms) unsupported.geometry.path_key_nondeterministic: unsupported.geometry.path_key_nondeterministic
Exception in thread "Thread-99" java.lang.InterruptedException: sleep interrupted
	at java.base/java.lang.Thread.sleepNanos0(Native Method)
	at java.base/java.lang.Thread.sleepNanos(Thread.java:509)
	at java.base/java.lang.Thread.sleep(Thread.java:540)
	at org.graphiks.kanvas.skia.SkiaGmScannerKt.main$lambda$2(SkiaGmScanner.kt:134)
	at java.base/java.lang.Thread.run(Thread.java:1474)
[FAIL] 448 dashing5_aa (1ms) unsupported.geometry.path_key_nondeterministic: unsupported.geometry.path_key_nondeterministic
Exception in thread "Thread-100" java.lang.InterruptedException: sleep interrupted
	at java.base/java.lang.Thread.sleepNanos0(Native Method)
	at java.base/java.lang.Thread.sleepNanos(Thread.java:509)
	at java.base/java.lang.Thread.sleep(Thread.java:540)
	at org.graphiks.kanvas.skia.SkiaGmScannerKt.main$lambda$2(SkiaGmScanner.kt:134)
	at java.base/java.lang.Thread.run(Thread.java:1474)
[FAIL] 449 dashing (0ms) unsupported.geometry.path_key_nondeterministic: unsupported.geometry.path_key_nondeterministic
Exception in thread "Thread-101" java.lang.InterruptedException: sleep interrupted
	at java.base/java.lang.Thread.sleepNanos0(Native Method)
	at java.base/java.lang.Thread.sleepNanos(Thread.java:509)
	at java.base/java.lang.Thread.sleep(Thread.java:540)
	at org.graphiks.kanvas.skia.SkiaGmScannerKt.main$lambda$2(SkiaGmScanner.kt:134)
	at java.base/java.lang.Thread.run(Thread.java:1474)
[FAIL] 450 drawlines_with_local_matrix (1ms) unsupported.material.radial_gradient_capability_missing: unsupported.material.radial_gradient_capability_missing
Exception in thread "Thread-102" java.lang.InterruptedException: sleep interrupted
	at java.base/java.lang.Thread.sleepNanos0(Native Method)
	at java.base/java.lang.Thread.sleepNanos(Thread.java:509)
	at java.base/java.lang.Thread.sleep(Thread.java:540)
	at org.graphiks.kanvas.skia.SkiaGmScannerKt.main$lambda$2(SkiaGmScanner.kt:134)
	at java.base/java.lang.Thread.run(Thread.java:1474)
[TIMEOUT] 451 drawregion 30s

> Task :integration-tests:skia:generateSkiaScan FAILED

[Incubating] Problems report is available at: file:///Users/chaos/.local/share/opencode/worktree/b0ac68aba2977c8e330962597a21babf616d6567/quick-sailor/build/reports/problems/problems-report.html

FAILURE: Build failed with an exception.

* What went wrong:
Execution failed for task ':integration-tests:skia:generateSkiaScan'.
> Process 'command '/Users/chaos/.sdkman/candidates/java/25.0.1-tem/bin/java'' finished with non-zero exit value 124

* Try:
> Run with --stacktrace option to get the stack trace.
> Run with --info or --debug option to get more log output.
> Run with --scan to generate a Build Scan (powered by Develocity).
> Get more help at https://help.gradle.org.

Deprecated Gradle features were used in this build, making it incompatible with Gradle 10.

You can use '--warning-mode all' to show the individual deprecation warnings and determine if they come from your own scripts or plugins.

For more on this, please refer to https://docs.gradle.org/9.2.0/userguide/command_line_interface.html#sec:command_line_warnings in the Gradle documentation.

BUILD FAILED in 41s
84 actionable tasks: 2 executed, 82 up-to-date
